<?xml version="1.0" encoding="ISO-8859-1" ?>
<link_info>
   <banner>MSP430 Linker PC v18.1.2.LTS</banner>
   <copyright>Copyright (c) 2003-2017 Texas Instruments Incorporated</copyright>
   <link_time>0x5c6b7726</link_time>
   <link_errors>0x0</link_errors>
   <output_file>Printf Over UART.out</output_file>
   <entry_point>
      <name>_c_int00_noargs</name>
      <address>0x4448</address>
   </entry_point>
   <input_file_list>
      <input_file id="fl-2">
         <path>.\</path>
         <kind>object</kind>
         <file>main.obj</file>
         <name>main.obj</name>
      </input_file>
      <input_file id="fl-8">
         <kind>object</kind>
         <file>&lt;internal&gt;</file>
         <name>&lt;internal&gt;</name>
      </input_file>
      <input_file id="fl-23">
         <path>C:\ti\ccsv8\tools\compiler\ti-cgt-msp430_18.1.2.LTS\lib\</path>
         <kind>archive</kind>
         <file>rts430x_lc_rd_eabi.lib</file>
         <name>int41.asm.obj</name>
      </input_file>
      <input_file id="fl-24">
         <path>C:\ti\ccsv8\tools\compiler\ti-cgt-msp430_18.1.2.LTS\lib\</path>
         <kind>archive</kind>
         <file>rts430x_lc_rd_eabi.lib</file>
         <name>int42.asm.obj</name>
      </input_file>
      <input_file id="fl-25">
         <path>C:\ti\ccsv8\tools\compiler\ti-cgt-msp430_18.1.2.LTS\lib\</path>
         <kind>archive</kind>
         <file>rts430x_lc_rd_eabi.lib</file>
         <name>int43.asm.obj</name>
      </input_file>
      <input_file id="fl-26">
         <path>C:\ti\ccsv8\tools\compiler\ti-cgt-msp430_18.1.2.LTS\lib\</path>
         <kind>archive</kind>
         <file>rts430x_lc_rd_eabi.lib</file>
         <name>int44.asm.obj</name>
      </input_file>
      <input_file id="fl-27">
         <path>C:\ti\ccsv8\tools\compiler\ti-cgt-msp430_18.1.2.LTS\lib\</path>
         <kind>archive</kind>
         <file>rts430x_lc_rd_eabi.lib</file>
         <name>int45.asm.obj</name>
      </input_file>
      <input_file id="fl-28">
         <path>C:\ti\ccsv8\tools\compiler\ti-cgt-msp430_18.1.2.LTS\lib\</path>
         <kind>archive</kind>
         <file>rts430x_lc_rd_eabi.lib</file>
         <name>int47.asm.obj</name>
      </input_file>
      <input_file id="fl-29">
         <path>C:\ti\ccsv8\tools\compiler\ti-cgt-msp430_18.1.2.LTS\lib\</path>
         <kind>archive</kind>
         <file>rts430x_lc_rd_eabi.lib</file>
         <name>int48.asm.obj</name>
      </input_file>
      <input_file id="fl-2a">
         <path>C:\ti\ccsv8\tools\compiler\ti-cgt-msp430_18.1.2.LTS\lib\</path>
         <kind>archive</kind>
         <file>rts430x_lc_rd_eabi.lib</file>
         <name>int49.asm.obj</name>
      </input_file>
      <input_file id="fl-2b">
         <path>C:\ti\ccsv8\tools\compiler\ti-cgt-msp430_18.1.2.LTS\lib\</path>
         <kind>archive</kind>
         <file>rts430x_lc_rd_eabi.lib</file>
         <name>int50.asm.obj</name>
      </input_file>
      <input_file id="fl-2c">
         <path>C:\ti\ccsv8\tools\compiler\ti-cgt-msp430_18.1.2.LTS\lib\</path>
         <kind>archive</kind>
         <file>rts430x_lc_rd_eabi.lib</file>
         <name>int51.asm.obj</name>
      </input_file>
      <input_file id="fl-2d">
         <path>C:\ti\ccsv8\tools\compiler\ti-cgt-msp430_18.1.2.LTS\lib\</path>
         <kind>archive</kind>
         <file>rts430x_lc_rd_eabi.lib</file>
         <name>int52.asm.obj</name>
      </input_file>
      <input_file id="fl-2e">
         <path>C:\ti\ccsv8\tools\compiler\ti-cgt-msp430_18.1.2.LTS\lib\</path>
         <kind>archive</kind>
         <file>rts430x_lc_rd_eabi.lib</file>
         <name>int53.asm.obj</name>
      </input_file>
      <input_file id="fl-2f">
         <path>C:\ti\ccsv8\tools\compiler\ti-cgt-msp430_18.1.2.LTS\lib\</path>
         <kind>archive</kind>
         <file>rts430x_lc_rd_eabi.lib</file>
         <name>int54.asm.obj</name>
      </input_file>
      <input_file id="fl-30">
         <path>C:\ti\ccsv8\tools\compiler\ti-cgt-msp430_18.1.2.LTS\lib\</path>
         <kind>archive</kind>
         <file>rts430x_lc_rd_eabi.lib</file>
         <name>int55.asm.obj</name>
      </input_file>
      <input_file id="fl-31">
         <path>C:\ti\ccsv8\tools\compiler\ti-cgt-msp430_18.1.2.LTS\lib\</path>
         <kind>archive</kind>
         <file>rts430x_lc_rd_eabi.lib</file>
         <name>int56.asm.obj</name>
      </input_file>
      <input_file id="fl-32">
         <path>C:\ti\ccsv8\tools\compiler\ti-cgt-msp430_18.1.2.LTS\lib\</path>
         <kind>archive</kind>
         <file>rts430x_lc_rd_eabi.lib</file>
         <name>int57.asm.obj</name>
      </input_file>
      <input_file id="fl-33">
         <path>C:\ti\ccsv8\tools\compiler\ti-cgt-msp430_18.1.2.LTS\lib\</path>
         <kind>archive</kind>
         <file>rts430x_lc_rd_eabi.lib</file>
         <name>int58.asm.obj</name>
      </input_file>
      <input_file id="fl-34">
         <path>C:\ti\ccsv8\tools\compiler\ti-cgt-msp430_18.1.2.LTS\lib\</path>
         <kind>archive</kind>
         <file>rts430x_lc_rd_eabi.lib</file>
         <name>int59.asm.obj</name>
      </input_file>
      <input_file id="fl-35">
         <path>C:\ti\ccsv8\tools\compiler\ti-cgt-msp430_18.1.2.LTS\lib\</path>
         <kind>archive</kind>
         <file>rts430x_lc_rd_eabi.lib</file>
         <name>int60.asm.obj</name>
      </input_file>
      <input_file id="fl-36">
         <path>C:\ti\ccsv8\tools\compiler\ti-cgt-msp430_18.1.2.LTS\lib\</path>
         <kind>archive</kind>
         <file>rts430x_lc_rd_eabi.lib</file>
         <name>int61.asm.obj</name>
      </input_file>
      <input_file id="fl-37">
         <path>C:\ti\ccsv8\tools\compiler\ti-cgt-msp430_18.1.2.LTS\lib\</path>
         <kind>archive</kind>
         <file>rts430x_lc_rd_eabi.lib</file>
         <name>int62.asm.obj</name>
      </input_file>
      <input_file id="fl-38">
         <path>C:\ti\ccsv8\tools\compiler\ti-cgt-msp430_18.1.2.LTS\lib\</path>
         <kind>archive</kind>
         <file>rts430x_lc_rd_eabi.lib</file>
         <name>isr_trap.asm.obj</name>
      </input_file>
      <input_file id="fl-39">
         <path>C:\ti\ccsv8\tools\compiler\ti-cgt-msp430_18.1.2.LTS\lib\</path>
         <kind>archive</kind>
         <file>rts430x_lc_rd_eabi.lib</file>
         <name>mult16_f5hw.asm.obj</name>
      </input_file>
      <input_file id="fl-3a">
         <path>C:\ti\ccsv8\tools\compiler\ti-cgt-msp430_18.1.2.LTS\lib\</path>
         <kind>archive</kind>
         <file>rts430x_lc_rd_eabi.lib</file>
         <name>mult1632_f5hw.asm.obj</name>
      </input_file>
      <input_file id="fl-3b">
         <path>C:\ti\ccsv8\tools\compiler\ti-cgt-msp430_18.1.2.LTS\lib\</path>
         <kind>archive</kind>
         <file>rts430x_lc_rd_eabi.lib</file>
         <name>mult32_f5hw.asm.obj</name>
      </input_file>
      <input_file id="fl-3c">
         <path>C:\ti\ccsv8\tools\compiler\ti-cgt-msp430_18.1.2.LTS\lib\</path>
         <kind>archive</kind>
         <file>rts430x_lc_rd_eabi.lib</file>
         <name>mult3264_f5hw.asm.obj</name>
      </input_file>
      <input_file id="fl-3d">
         <path>C:\ti\ccsv8\tools\compiler\ti-cgt-msp430_18.1.2.LTS\lib\</path>
         <kind>archive</kind>
         <file>rts430x_lc_rd_eabi.lib</file>
         <name>mult64_f5hw.asm.obj</name>
      </input_file>
      <input_file id="fl-3e">
         <path>C:\ti\ccsv8\tools\compiler\ti-cgt-msp430_18.1.2.LTS\lib\</path>
         <kind>archive</kind>
         <file>rts430x_lc_rd_eabi.lib</file>
         <name>boot.c.obj</name>
      </input_file>
      <input_file id="fl-3f">
         <path>C:\ti\ccsv8\tools\compiler\ti-cgt-msp430_18.1.2.LTS\lib\</path>
         <kind>archive</kind>
         <file>rts430x_lc_rd_eabi.lib</file>
         <name>autoinit.c.obj</name>
      </input_file>
      <input_file id="fl-40">
         <path>C:\ti\ccsv8\tools\compiler\ti-cgt-msp430_18.1.2.LTS\lib\</path>
         <kind>archive</kind>
         <file>rts430x_lc_rd_eabi.lib</file>
         <name>copy_zero_init.c.obj</name>
      </input_file>
      <input_file id="fl-41">
         <path>C:\ti\ccsv8\tools\compiler\ti-cgt-msp430_18.1.2.LTS\lib\</path>
         <kind>archive</kind>
         <file>rts430x_lc_rd_eabi.lib</file>
         <name>cpy_tbl.c.obj</name>
      </input_file>
      <input_file id="fl-42">
         <path>C:\ti\ccsv8\tools\compiler\ti-cgt-msp430_18.1.2.LTS\lib\</path>
         <kind>archive</kind>
         <file>rts430x_lc_rd_eabi.lib</file>
         <name>mpu_init.c.obj</name>
      </input_file>
      <input_file id="fl-43">
         <path>C:\ti\ccsv8\tools\compiler\ti-cgt-msp430_18.1.2.LTS\lib\</path>
         <kind>archive</kind>
         <file>rts430x_lc_rd_eabi.lib</file>
         <name>pre_init.c.obj</name>
      </input_file>
      <input_file id="fl-44">
         <path>C:\ti\ccsv8\tools\compiler\ti-cgt-msp430_18.1.2.LTS\lib\</path>
         <kind>archive</kind>
         <file>rts430x_lc_rd_eabi.lib</file>
         <name>startup.c.obj</name>
      </input_file>
      <input_file id="fl-45">
         <path>C:\ti\ccsv8\tools\compiler\ti-cgt-msp430_18.1.2.LTS\lib\</path>
         <kind>archive</kind>
         <file>rts430x_lc_rd_eabi.lib</file>
         <name>copy_decompress_none.c.obj</name>
      </input_file>
      <input_file id="fl-46">
         <path>C:\ti\ccsv8\tools\compiler\ti-cgt-msp430_18.1.2.LTS\lib\</path>
         <kind>archive</kind>
         <file>rts430x_lc_rd_eabi.lib</file>
         <name>copy_decompress_lzss.c.obj</name>
      </input_file>
      <input_file id="fl-47">
         <path>C:\ti\ccsv8\tools\compiler\ti-cgt-msp430_18.1.2.LTS\lib\</path>
         <kind>archive</kind>
         <file>rts430x_lc_rd_eabi.lib</file>
         <name>exit.c.obj</name>
      </input_file>
      <input_file id="fl-48">
         <path>C:\ti\ccsv8\tools\compiler\ti-cgt-msp430_18.1.2.LTS\lib\</path>
         <kind>archive</kind>
         <file>rts430x_lc_rd_eabi.lib</file>
         <name>_lock.c.obj</name>
      </input_file>
      <input_file id="fl-49">
         <path>C:\ti\ccsv8\tools\compiler\ti-cgt-msp430_18.1.2.LTS\lib\</path>
         <kind>archive</kind>
         <file>rts430x_lc_rd_eabi.lib</file>
         <name>args_main.c.obj</name>
      </input_file>
      <input_file id="fl-4a">
         <path>C:\ti\ccsv8\tools\compiler\ti-cgt-msp430_18.1.2.LTS\lib\</path>
         <kind>archive</kind>
         <file>rts430x_lc_rd_eabi.lib</file>
         <name>memcpy.c.obj</name>
      </input_file>
      <input_file id="fl-4b">
         <path>C:\ti\ccsv8\tools\compiler\ti-cgt-msp430_18.1.2.LTS\lib\</path>
         <kind>archive</kind>
         <file>rts430x_lc_rd_eabi.lib</file>
         <name>printf.c.obj</name>
      </input_file>
      <input_file id="fl-4c">
         <path>C:\ti\ccsv8\tools\compiler\ti-cgt-msp430_18.1.2.LTS\lib\</path>
         <kind>archive</kind>
         <file>rts430x_lc_rd_eabi.lib</file>
         <name>mult16.asm.obj</name>
      </input_file>
      <input_file id="fl-4d">
         <path>C:\ti\ccsv8\tools\compiler\ti-cgt-msp430_18.1.2.LTS\lib\</path>
         <kind>archive</kind>
         <file>rts430x_lc_rd_eabi.lib</file>
         <name>exit_gvars.c.obj</name>
      </input_file>
      <input_file id="fl-4e">
         <path>C:\ti\ccsv8\tools\compiler\ti-cgt-msp430_18.1.2.LTS\lib\</path>
         <kind>archive</kind>
         <file>rts430x_lc_rd_eabi.lib</file>
         <name>_printfi.c.obj</name>
      </input_file>
      <input_file id="fl-4f">
         <path>C:\ti\ccsv8\tools\compiler\ti-cgt-msp430_18.1.2.LTS\lib\</path>
         <kind>archive</kind>
         <file>rts430x_lc_rd_eabi.lib</file>
         <name>atoi.c.obj</name>
      </input_file>
      <input_file id="fl-50">
         <path>C:\ti\ccsv8\tools\compiler\ti-cgt-msp430_18.1.2.LTS\lib\</path>
         <kind>archive</kind>
         <file>rts430x_lc_rd_eabi.lib</file>
         <name>ctype.c.obj</name>
      </input_file>
      <input_file id="fl-51">
         <path>C:\ti\ccsv8\tools\compiler\ti-cgt-msp430_18.1.2.LTS\lib\</path>
         <kind>archive</kind>
         <file>rts430x_lc_rd_eabi.lib</file>
         <name>defs.c.obj</name>
      </input_file>
      <input_file id="fl-52">
         <path>C:\ti\ccsv8\tools\compiler\ti-cgt-msp430_18.1.2.LTS\lib\</path>
         <kind>archive</kind>
         <file>rts430x_lc_rd_eabi.lib</file>
         <name>fputc.c.obj</name>
      </input_file>
      <input_file id="fl-53">
         <path>C:\ti\ccsv8\tools\compiler\ti-cgt-msp430_18.1.2.LTS\lib\</path>
         <kind>archive</kind>
         <file>rts430x_lc_rd_eabi.lib</file>
         <name>fputs.c.obj</name>
      </input_file>
      <input_file id="fl-54">
         <path>C:\ti\ccsv8\tools\compiler\ti-cgt-msp430_18.1.2.LTS\lib\</path>
         <kind>archive</kind>
         <file>rts430x_lc_rd_eabi.lib</file>
         <name>ltoa.c.obj</name>
      </input_file>
      <input_file id="fl-55">
         <path>C:\ti\ccsv8\tools\compiler\ti-cgt-msp430_18.1.2.LTS\lib\</path>
         <kind>archive</kind>
         <file>rts430x_lc_rd_eabi.lib</file>
         <name>memccpy.c.obj</name>
      </input_file>
      <input_file id="fl-56">
         <path>C:\ti\ccsv8\tools\compiler\ti-cgt-msp430_18.1.2.LTS\lib\</path>
         <kind>archive</kind>
         <file>rts430x_lc_rd_eabi.lib</file>
         <name>memchr.c.obj</name>
      </input_file>
      <input_file id="fl-57">
         <path>C:\ti\ccsv8\tools\compiler\ti-cgt-msp430_18.1.2.LTS\lib\</path>
         <kind>archive</kind>
         <file>rts430x_lc_rd_eabi.lib</file>
         <name>memset.c.obj</name>
      </input_file>
      <input_file id="fl-58">
         <path>C:\ti\ccsv8\tools\compiler\ti-cgt-msp430_18.1.2.LTS\lib\</path>
         <kind>archive</kind>
         <file>rts430x_lc_rd_eabi.lib</file>
         <name>strchr.c.obj</name>
      </input_file>
      <input_file id="fl-59">
         <path>C:\ti\ccsv8\tools\compiler\ti-cgt-msp430_18.1.2.LTS\lib\</path>
         <kind>archive</kind>
         <file>rts430x_lc_rd_eabi.lib</file>
         <name>strlen.c.obj</name>
      </input_file>
      <input_file id="fl-5a">
         <path>C:\ti\ccsv8\tools\compiler\ti-cgt-msp430_18.1.2.LTS\lib\</path>
         <kind>archive</kind>
         <file>rts430x_lc_rd_eabi.lib</file>
         <name>toupper.c.obj</name>
      </input_file>
      <input_file id="fl-5b">
         <path>C:\ti\ccsv8\tools\compiler\ti-cgt-msp430_18.1.2.LTS\lib\</path>
         <kind>archive</kind>
         <file>rts430x_lc_rd_eabi.lib</file>
         <name>write.c.obj</name>
      </input_file>
      <input_file id="fl-5c">
         <path>C:\ti\ccsv8\tools\compiler\ti-cgt-msp430_18.1.2.LTS\lib\</path>
         <kind>archive</kind>
         <file>rts430x_lc_rd_eabi.lib</file>
         <name>errno.c.obj</name>
      </input_file>
      <input_file id="fl-5d">
         <path>C:\ti\ccsv8\tools\compiler\ti-cgt-msp430_18.1.2.LTS\lib\</path>
         <kind>archive</kind>
         <file>rts430x_lc_rd_eabi.lib</file>
         <name>abs.c.obj</name>
      </input_file>
      <input_file id="fl-5e">
         <path>C:\ti\ccsv8\tools\compiler\ti-cgt-msp430_18.1.2.LTS\lib\</path>
         <kind>archive</kind>
         <file>rts430x_lc_rd_eabi.lib</file>
         <name>s_frexp.c.obj</name>
      </input_file>
      <input_file id="fl-5f">
         <path>C:\ti\ccsv8\tools\compiler\ti-cgt-msp430_18.1.2.LTS\lib\</path>
         <kind>archive</kind>
         <file>rts430x_lc_rd_eabi.lib</file>
         <name>s_scalbn.c.obj</name>
      </input_file>
      <input_file id="fl-60">
         <path>C:\ti\ccsv8\tools\compiler\ti-cgt-msp430_18.1.2.LTS\lib\</path>
         <kind>archive</kind>
         <file>rts430x_lc_rd_eabi.lib</file>
         <name>wcslen.c.obj</name>
      </input_file>
      <input_file id="fl-61">
         <path>C:\ti\ccsv8\tools\compiler\ti-cgt-msp430_18.1.2.LTS\lib\</path>
         <kind>archive</kind>
         <file>rts430x_lc_rd_eabi.lib</file>
         <name>div16u.asm.obj</name>
      </input_file>
      <input_file id="fl-62">
         <path>C:\ti\ccsv8\tools\compiler\ti-cgt-msp430_18.1.2.LTS\lib\</path>
         <kind>archive</kind>
         <file>rts430x_lc_rd_eabi.lib</file>
         <name>div32s.asm.obj</name>
      </input_file>
      <input_file id="fl-63">
         <path>C:\ti\ccsv8\tools\compiler\ti-cgt-msp430_18.1.2.LTS\lib\</path>
         <kind>archive</kind>
         <file>rts430x_lc_rd_eabi.lib</file>
         <name>div32u.asm.obj</name>
      </input_file>
      <input_file id="fl-64">
         <path>C:\ti\ccsv8\tools\compiler\ti-cgt-msp430_18.1.2.LTS\lib\</path>
         <kind>archive</kind>
         <file>rts430x_lc_rd_eabi.lib</file>
         <name>lsr64.c.obj</name>
      </input_file>
      <input_file id="fl-65">
         <path>C:\ti\ccsv8\tools\compiler\ti-cgt-msp430_18.1.2.LTS\lib\</path>
         <kind>archive</kind>
         <file>rts430x_lc_rd_eabi.lib</file>
         <name>div64u.c.obj</name>
      </input_file>
      <input_file id="fl-66">
         <path>C:\ti\ccsv8\tools\compiler\ti-cgt-msp430_18.1.2.LTS\lib\</path>
         <kind>archive</kind>
         <file>rts430x_lc_rd_eabi.lib</file>
         <name>addd.c.obj</name>
      </input_file>
      <input_file id="fl-67">
         <path>C:\ti\ccsv8\tools\compiler\ti-cgt-msp430_18.1.2.LTS\lib\</path>
         <kind>archive</kind>
         <file>rts430x_lc_rd_eabi.lib</file>
         <name>cmpd.c.obj</name>
      </input_file>
      <input_file id="fl-68">
         <path>C:\ti\ccsv8\tools\compiler\ti-cgt-msp430_18.1.2.LTS\lib\</path>
         <kind>archive</kind>
         <file>rts430x_lc_rd_eabi.lib</file>
         <name>divd.c.obj</name>
      </input_file>
      <input_file id="fl-69">
         <path>C:\ti\ccsv8\tools\compiler\ti-cgt-msp430_18.1.2.LTS\lib\</path>
         <kind>archive</kind>
         <file>rts430x_lc_rd_eabi.lib</file>
         <name>fixdi.c.obj</name>
      </input_file>
      <input_file id="fl-6a">
         <path>C:\ti\ccsv8\tools\compiler\ti-cgt-msp430_18.1.2.LTS\lib\</path>
         <kind>archive</kind>
         <file>rts430x_lc_rd_eabi.lib</file>
         <name>fixdli.c.obj</name>
      </input_file>
      <input_file id="fl-6b">
         <path>C:\ti\ccsv8\tools\compiler\ti-cgt-msp430_18.1.2.LTS\lib\</path>
         <kind>archive</kind>
         <file>rts430x_lc_rd_eabi.lib</file>
         <name>fltid.c.obj</name>
      </input_file>
      <input_file id="fl-6c">
         <path>C:\ti\ccsv8\tools\compiler\ti-cgt-msp430_18.1.2.LTS\lib\</path>
         <kind>archive</kind>
         <file>rts430x_lc_rd_eabi.lib</file>
         <name>fltlid.c.obj</name>
      </input_file>
      <input_file id="fl-6d">
         <path>C:\ti\ccsv8\tools\compiler\ti-cgt-msp430_18.1.2.LTS\lib\</path>
         <kind>archive</kind>
         <file>rts430x_lc_rd_eabi.lib</file>
         <name>frcaddd.c.obj</name>
      </input_file>
      <input_file id="fl-6e">
         <path>C:\ti\ccsv8\tools\compiler\ti-cgt-msp430_18.1.2.LTS\lib\</path>
         <kind>archive</kind>
         <file>rts430x_lc_rd_eabi.lib</file>
         <name>frcdivd.c.obj</name>
      </input_file>
      <input_file id="fl-6f">
         <path>C:\ti\ccsv8\tools\compiler\ti-cgt-msp430_18.1.2.LTS\lib\</path>
         <kind>archive</kind>
         <file>rts430x_lc_rd_eabi.lib</file>
         <name>mpyd.c.obj</name>
      </input_file>
      <input_file id="fl-70">
         <path>C:\ti\ccsv8\tools\compiler\ti-cgt-msp430_18.1.2.LTS\lib\</path>
         <kind>archive</kind>
         <file>rts430x_lc_rd_eabi.lib</file>
         <name>negd.c.obj</name>
      </input_file>
      <input_file id="fl-71">
         <path>C:\ti\ccsv8\tools\compiler\ti-cgt-msp430_18.1.2.LTS\lib\</path>
         <kind>archive</kind>
         <file>rts430x_lc_rd_eabi.lib</file>
         <name>renormd.c.obj</name>
      </input_file>
      <input_file id="fl-72">
         <path>C:\ti\ccsv8\tools\compiler\ti-cgt-msp430_18.1.2.LTS\lib\</path>
         <kind>archive</kind>
         <file>rts430x_lc_rd_eabi.lib</file>
         <name>subd.c.obj</name>
      </input_file>
      <input_file id="fl-73">
         <path>C:\ti\ccsv8\tools\compiler\ti-cgt-msp430_18.1.2.LTS\lib\</path>
         <kind>archive</kind>
         <file>rts430x_lc_rd_eabi.lib</file>
         <name>_io_perm.c.obj</name>
      </input_file>
      <input_file id="fl-74">
         <path>C:\ti\ccsv8\tools\compiler\ti-cgt-msp430_18.1.2.LTS\lib\</path>
         <kind>archive</kind>
         <file>rts430x_lc_rd_eabi.lib</file>
         <name>fflush.c.obj</name>
      </input_file>
      <input_file id="fl-75">
         <path>C:\ti\ccsv8\tools\compiler\ti-cgt-msp430_18.1.2.LTS\lib\</path>
         <kind>archive</kind>
         <file>rts430x_lc_rd_eabi.lib</file>
         <name>fseek.c.obj</name>
      </input_file>
      <input_file id="fl-76">
         <path>C:\ti\ccsv8\tools\compiler\ti-cgt-msp430_18.1.2.LTS\lib\</path>
         <kind>archive</kind>
         <file>rts430x_lc_rd_eabi.lib</file>
         <name>lseek.c.obj</name>
      </input_file>
      <input_file id="fl-77">
         <path>C:\ti\ccsv8\tools\compiler\ti-cgt-msp430_18.1.2.LTS\lib\</path>
         <kind>archive</kind>
         <file>rts430x_lc_rd_eabi.lib</file>
         <name>setvbuf.c.obj</name>
      </input_file>
      <input_file id="fl-78">
         <path>C:\ti\ccsv8\tools\compiler\ti-cgt-msp430_18.1.2.LTS\lib\</path>
         <kind>archive</kind>
         <file>rts430x_lc_rd_eabi.lib</file>
         <name>hostclose.c.obj</name>
      </input_file>
      <input_file id="fl-79">
         <path>C:\ti\ccsv8\tools\compiler\ti-cgt-msp430_18.1.2.LTS\lib\</path>
         <kind>archive</kind>
         <file>rts430x_lc_rd_eabi.lib</file>
         <name>hostlseek.c.obj</name>
      </input_file>
      <input_file id="fl-7a">
         <path>C:\ti\ccsv8\tools\compiler\ti-cgt-msp430_18.1.2.LTS\lib\</path>
         <kind>archive</kind>
         <file>rts430x_lc_rd_eabi.lib</file>
         <name>hostopen.c.obj</name>
      </input_file>
      <input_file id="fl-7b">
         <path>C:\ti\ccsv8\tools\compiler\ti-cgt-msp430_18.1.2.LTS\lib\</path>
         <kind>archive</kind>
         <file>rts430x_lc_rd_eabi.lib</file>
         <name>hostread.c.obj</name>
      </input_file>
      <input_file id="fl-7c">
         <path>C:\ti\ccsv8\tools\compiler\ti-cgt-msp430_18.1.2.LTS\lib\</path>
         <kind>archive</kind>
         <file>rts430x_lc_rd_eabi.lib</file>
         <name>hostrename.c.obj</name>
      </input_file>
      <input_file id="fl-7d">
         <path>C:\ti\ccsv8\tools\compiler\ti-cgt-msp430_18.1.2.LTS\lib\</path>
         <kind>archive</kind>
         <file>rts430x_lc_rd_eabi.lib</file>
         <name>hostunlink.c.obj</name>
      </input_file>
      <input_file id="fl-7e">
         <path>C:\ti\ccsv8\tools\compiler\ti-cgt-msp430_18.1.2.LTS\lib\</path>
         <kind>archive</kind>
         <file>rts430x_lc_rd_eabi.lib</file>
         <name>hostwrite.c.obj</name>
      </input_file>
      <input_file id="fl-7f">
         <path>C:\ti\ccsv8\tools\compiler\ti-cgt-msp430_18.1.2.LTS\lib\</path>
         <kind>archive</kind>
         <file>rts430x_lc_rd_eabi.lib</file>
         <name>trgmsg.c.obj</name>
      </input_file>
      <input_file id="fl-80">
         <path>C:\ti\ccsv8\tools\compiler\ti-cgt-msp430_18.1.2.LTS\lib\</path>
         <kind>archive</kind>
         <file>rts430x_lc_rd_eabi.lib</file>
         <name>s_copysign.c.obj</name>
      </input_file>
      <input_file id="fl-81">
         <path>C:\ti\ccsv8\tools\compiler\ti-cgt-msp430_18.1.2.LTS\lib\</path>
         <kind>archive</kind>
         <file>rts430x_lc_rd_eabi.lib</file>
         <name>asr32.asm.obj</name>
      </input_file>
      <input_file id="fl-82">
         <path>C:\ti\ccsv8\tools\compiler\ti-cgt-msp430_18.1.2.LTS\lib\</path>
         <kind>archive</kind>
         <file>rts430x_lc_rd_eabi.lib</file>
         <name>lsl32.asm.obj</name>
      </input_file>
      <input_file id="fl-83">
         <path>C:\ti\ccsv8\tools\compiler\ti-cgt-msp430_18.1.2.LTS\lib\</path>
         <kind>archive</kind>
         <file>rts430x_lc_rd_eabi.lib</file>
         <name>lsr32.asm.obj</name>
      </input_file>
      <input_file id="fl-84">
         <path>C:\ti\ccsv8\tools\compiler\ti-cgt-msp430_18.1.2.LTS\lib\</path>
         <kind>archive</kind>
         <file>rts430x_lc_rd_eabi.lib</file>
         <name>mult32.asm.obj</name>
      </input_file>
      <input_file id="fl-85">
         <path>C:\ti\ccsv8\tools\compiler\ti-cgt-msp430_18.1.2.LTS\lib\</path>
         <kind>archive</kind>
         <file>rts430x_lc_rd_eabi.lib</file>
         <name>lsl64.c.obj</name>
      </input_file>
      <input_file id="fl-86">
         <path>C:\ti\ccsv8\tools\compiler\ti-cgt-msp430_18.1.2.LTS\lib\</path>
         <kind>archive</kind>
         <file>rts430x_lc_rd_eabi.lib</file>
         <name>frcmpyd.c.obj</name>
      </input_file>
      <input_file id="fl-87">
         <path>C:\ti\ccsv8\tools\compiler\ti-cgt-msp430_18.1.2.LTS\lib\</path>
         <kind>archive</kind>
         <file>rts430x_lc_rd_eabi.lib</file>
         <name>memory.c.obj</name>
      </input_file>
      <input_file id="fl-88">
         <path>C:\ti\ccsv8\tools\compiler\ti-cgt-msp430_18.1.2.LTS\lib\</path>
         <kind>archive</kind>
         <file>rts430x_lc_rd_eabi.lib</file>
         <name>fopen.c.obj</name>
      </input_file>
      <input_file id="fl-89">
         <path>C:\ti\ccsv8\tools\compiler\ti-cgt-msp430_18.1.2.LTS\lib\</path>
         <kind>archive</kind>
         <file>rts430x_lc_rd_eabi.lib</file>
         <name>open.c.obj</name>
      </input_file>
      <input_file id="fl-8a">
         <path>C:\ti\ccsv8\tools\compiler\ti-cgt-msp430_18.1.2.LTS\lib\</path>
         <kind>archive</kind>
         <file>rts430x_lc_rd_eabi.lib</file>
         <name>strcpy.c.obj</name>
      </input_file>
      <input_file id="fl-8b">
         <path>C:\ti\ccsv8\tools\compiler\ti-cgt-msp430_18.1.2.LTS\lib\</path>
         <kind>archive</kind>
         <file>rts430x_lc_rd_eabi.lib</file>
         <name>div16s.asm.obj</name>
      </input_file>
      <input_file id="fl-8c">
         <path>C:\ti\ccsv8\tools\compiler\ti-cgt-msp430_18.1.2.LTS\lib\</path>
         <kind>archive</kind>
         <file>rts430x_lc_rd_eabi.lib</file>
         <name>fclose.c.obj</name>
      </input_file>
      <input_file id="fl-8d">
         <path>C:\ti\ccsv8\tools\compiler\ti-cgt-msp430_18.1.2.LTS\lib\</path>
         <kind>archive</kind>
         <file>rts430x_lc_rd_eabi.lib</file>
         <name>getdevice.c.obj</name>
      </input_file>
      <input_file id="fl-8e">
         <path>C:\ti\ccsv8\tools\compiler\ti-cgt-msp430_18.1.2.LTS\lib\</path>
         <kind>archive</kind>
         <file>rts430x_lc_rd_eabi.lib</file>
         <name>remove.c.obj</name>
      </input_file>
      <input_file id="fl-8f">
         <path>C:\ti\ccsv8\tools\compiler\ti-cgt-msp430_18.1.2.LTS\lib\</path>
         <kind>archive</kind>
         <file>rts430x_lc_rd_eabi.lib</file>
         <name>strcmp.c.obj</name>
      </input_file>
      <input_file id="fl-90">
         <path>C:\ti\ccsv8\tools\compiler\ti-cgt-msp430_18.1.2.LTS\lib\</path>
         <kind>archive</kind>
         <file>rts430x_lc_rd_eabi.lib</file>
         <name>strncpy.c.obj</name>
      </input_file>
      <input_file id="fl-91">
         <path>C:\ti\ccsv8\tools\compiler\ti-cgt-msp430_18.1.2.LTS\lib\</path>
         <kind>archive</kind>
         <file>rts430x_lc_rd_eabi.lib</file>
         <name>unlink.c.obj</name>
      </input_file>
      <input_file id="fl-92">
         <path>C:\ti\ccsv8\tools\compiler\ti-cgt-msp430_18.1.2.LTS\lib\</path>
         <kind>archive</kind>
         <file>rts430x_lc_rd_eabi.lib</file>
         <name>close.c.obj</name>
      </input_file>
   </input_file_list>
   <object_component_list>
      <object_component id="oc-6d2">
         <name>.bss</name>
         <uninitialized>true</uninitialized>
         <run_address>0x2894</run_address>
         <size>0xa</size>
         <input_file_ref idref="fl-87"/>
      </object_component>
      <object_component id="oc-78c">
         <name>.common:__TI_tmpnams</name>
         <uninitialized>true</uninitialized>
         <run_address>0x27f4</run_address>
         <size>0xa0</size>
      </object_component>
      <object_component id="oc-797">
         <name>.common:parmbuf</name>
         <uninitialized>true</uninitialized>
         <run_address>0x289e</run_address>
         <size>0x8</size>
      </object_component>
      <object_component id="oc-4f5">
         <name>.data</name>
         <load_address>0x2590</load_address>
         <run_address>0x2590</run_address>
         <size>0x2</size>
         <input_file_ref idref="fl-47"/>
      </object_component>
      <object_component id="oc-43a">
         <name>.data:_lock</name>
         <load_address>0x2584</load_address>
         <run_address>0x2584</run_address>
         <size>0x4</size>
         <input_file_ref idref="fl-48"/>
      </object_component>
      <object_component id="oc-452">
         <name>.data:_unlock</name>
         <load_address>0x2588</load_address>
         <run_address>0x2588</run_address>
         <size>0x4</size>
         <input_file_ref idref="fl-48"/>
      </object_component>
      <object_component id="oc-4fb">
         <name>.data:__TI_cleanup_ptr</name>
         <load_address>0x257c</load_address>
         <run_address>0x257c</run_address>
         <size>0x4</size>
         <input_file_ref idref="fl-4d"/>
      </object_component>
      <object_component id="oc-4f8">
         <name>.data:__TI_dtors_ptr</name>
         <load_address>0x2580</load_address>
         <run_address>0x2580</run_address>
         <size>0x4</size>
         <input_file_ref idref="fl-4d"/>
      </object_component>
      <object_component id="oc-43d">
         <name>.data:_ftable</name>
         <load_address>0x2400</load_address>
         <run_address>0x2400</run_address>
         <size>0xc8</size>
         <input_file_ref idref="fl-51"/>
      </object_component>
      <object_component id="oc-6e6">
         <name>.data</name>
         <load_address>0x258c</load_address>
         <run_address>0x258c</run_address>
         <size>0x2</size>
         <input_file_ref idref="fl-51"/>
      </object_component>
      <object_component id="oc-646">
         <name>.data:_device</name>
         <load_address>0x24c8</load_address>
         <run_address>0x24c8</run_address>
         <size>0x78</size>
         <input_file_ref idref="fl-5b"/>
      </object_component>
      <object_component id="oc-5ba">
         <name>.data:_stream</name>
         <load_address>0x2540</load_address>
         <run_address>0x2540</run_address>
         <size>0x3c</size>
         <input_file_ref idref="fl-5b"/>
      </object_component>
      <object_component id="oc-56c">
         <name>.data</name>
         <load_address>0x258e</load_address>
         <run_address>0x258e</run_address>
         <size>0x2</size>
         <input_file_ref idref="fl-5c"/>
      </object_component>
      <object_component id="oc-6d6">
         <name>.data</name>
         <load_address>0x2592</load_address>
         <run_address>0x2592</run_address>
         <size>0x2</size>
         <input_file_ref idref="fl-87"/>
      </object_component>
      <object_component id="oc-381">
         <name>.sysmem</name>
         <uninitialized>true</uninitialized>
         <run_address>0x2594</run_address>
         <size>0x6</size>
         <input_file_ref idref="fl-87"/>
      </object_component>
      <object_component id="oc-8f8">
         <name>.sysmem</name>
         <uninitialized>true</uninitialized>
         <run_address>0x2594</run_address>
         <size>0x0</size>
      </object_component>
      <object_component id="oc-37d">
         <name>.stack</name>
         <uninitialized>true</uninitialized>
         <run_address>0x4360</run_address>
         <size>0x4</size>
         <input_file_ref idref="fl-3e"/>
      </object_component>
      <object_component id="oc-8f7">
         <name>.stack</name>
         <uninitialized>true</uninitialized>
         <run_address>0x4360</run_address>
         <size>0x0</size>
      </object_component>
      <object_component id="oc-75d">
         <name>.text:__TI_frcdivd</name>
         <load_address>0x10000</load_address>
         <run_address>0x10000</run_address>
         <size>0x466</size>
         <input_file_ref idref="fl-6e"/>
      </object_component>
      <object_component id="oc-65f">
         <name>.text:__mspabi_divull</name>
         <load_address>0x10466</load_address>
         <run_address>0x10466</run_address>
         <size>0x34e</size>
         <input_file_ref idref="fl-65"/>
      </object_component>
      <object_component id="oc-7d1">
         <name>.text:__mspabi_addd</name>
         <load_address>0x107b4</load_address>
         <run_address>0x107b4</run_address>
         <size>0x2e0</size>
         <input_file_ref idref="fl-66"/>
      </object_component>
      <object_component id="oc-44c">
         <name>.text:__TI_printfi</name>
         <load_address>0x10a94</load_address>
         <run_address>0x10a94</run_address>
         <size>0x2a6</size>
         <input_file_ref idref="fl-4e"/>
      </object_component>
      <object_component id="oc-755">
         <name>.text:__TI_frcmpyd</name>
         <load_address>0x10d3a</load_address>
         <run_address>0x10d3a</run_address>
         <size>0x280</size>
         <input_file_ref idref="fl-86"/>
      </object_component>
      <object_component id="oc-4cc">
         <name>.text:_setfield</name>
         <load_address>0x10fba</load_address>
         <run_address>0x10fba</run_address>
         <size>0x27a</size>
         <input_file_ref idref="fl-4e"/>
      </object_component>
      <object_component id="oc-699">
         <name>.text:__mspabi_mpyd</name>
         <load_address>0x11234</load_address>
         <run_address>0x11234</run_address>
         <size>0x266</size>
         <input_file_ref idref="fl-6f"/>
      </object_component>
      <object_component id="oc-827">
         <name>.text:__TI_frcaddd</name>
         <load_address>0x1149a</load_address>
         <run_address>0x1149a</run_address>
         <size>0x248</size>
         <input_file_ref idref="fl-6d"/>
      </object_component>
      <object_component id="oc-6ac">
         <name>.text:acvt</name>
         <load_address>0x116e2</load_address>
         <run_address>0x116e2</run_address>
         <size>0x224</size>
         <input_file_ref idref="fl-4e"/>
      </object_component>
      <object_component id="oc-69f">
         <name>.text:__mspabi_divd</name>
         <load_address>0x11906</load_address>
         <run_address>0x11906</run_address>
         <size>0x222</size>
         <input_file_ref idref="fl-68"/>
      </object_component>
      <object_component id="oc-558">
         <name>.text:_pproc_fgea</name>
         <load_address>0x11b28</load_address>
         <run_address>0x11b28</run_address>
         <size>0x21c</size>
         <input_file_ref idref="fl-4e"/>
      </object_component>
      <object_component id="oc-5cc">
         <name>.text:_getarg_diouxp</name>
         <load_address>0x11d44</load_address>
         <run_address>0x11d44</run_address>
         <size>0x20c</size>
         <input_file_ref idref="fl-4e"/>
      </object_component>
      <object_component id="oc-679">
         <name>.text:ecvt</name>
         <load_address>0x11f50</load_address>
         <run_address>0x11f50</run_address>
         <size>0x1e6</size>
         <input_file_ref idref="fl-4e"/>
      </object_component>
      <object_component id="oc-68c">
         <name>.text:fcvt</name>
         <load_address>0x12136</load_address>
         <run_address>0x12136</run_address>
         <size>0x1c8</size>
         <input_file_ref idref="fl-4e"/>
      </object_component>
      <object_component id="oc-5f1">
         <name>.text:_pconv_e</name>
         <load_address>0x122fe</load_address>
         <run_address>0x122fe</run_address>
         <size>0x1a2</size>
         <input_file_ref idref="fl-4e"/>
      </object_component>
      <object_component id="oc-5f7">
         <name>.text:_pconv_a</name>
         <load_address>0x124a0</load_address>
         <run_address>0x124a0</run_address>
         <size>0x170</size>
         <input_file_ref idref="fl-4e"/>
      </object_component>
      <object_component id="oc-76c">
         <name>.text:scalbn</name>
         <load_address>0x12610</load_address>
         <run_address>0x12610</run_address>
         <size>0x15a</size>
         <input_file_ref idref="fl-5f"/>
      </object_component>
      <object_component id="oc-552">
         <name>.text:_pproc_diouxp</name>
         <load_address>0x1276a</load_address>
         <run_address>0x1276a</run_address>
         <size>0x148</size>
         <input_file_ref idref="fl-4e"/>
      </object_component>
      <object_component id="oc-5d2">
         <name>.text:_ltostr</name>
         <load_address>0x128b2</load_address>
         <run_address>0x128b2</run_address>
         <size>0x128</size>
         <input_file_ref idref="fl-4e"/>
      </object_component>
      <object_component id="oc-5e5">
         <name>.text:_pconv_g</name>
         <load_address>0x129da</load_address>
         <run_address>0x129da</run_address>
         <size>0xfc</size>
         <input_file_ref idref="fl-4e"/>
      </object_component>
      <object_component id="oc-4c6">
         <name>.text:_pproc_fwp</name>
         <load_address>0x12ad6</load_address>
         <run_address>0x12ad6</run_address>
         <size>0xfa</size>
         <input_file_ref idref="fl-4e"/>
      </object_component>
      <object_component id="oc-4b2">
         <name>.text:fputs</name>
         <load_address>0x12bd0</load_address>
         <run_address>0x12bd0</run_address>
         <size>0xf0</size>
         <input_file_ref idref="fl-53"/>
      </object_component>
      <object_component id="oc-5ae">
         <name>.text:setvbuf</name>
         <load_address>0x12cc0</load_address>
         <run_address>0x12cc0</run_address>
         <size>0xde</size>
         <input_file_ref idref="fl-77"/>
      </object_component>
      <object_component id="oc-5fd">
         <name>.text:__mspabi_cmpd</name>
         <load_address>0x12d9e</load_address>
         <run_address>0x12d9e</run_address>
         <size>0xd8</size>
         <input_file_ref idref="fl-67"/>
      </object_component>
      <object_component id="oc-4d8">
         <name>.text:_pproc_wstr</name>
         <load_address>0x12e76</load_address>
         <run_address>0x12e76</run_address>
         <size>0xc8</size>
         <input_file_ref idref="fl-4e"/>
      </object_component>
      <object_component id="oc-62d">
         <name>.text:malloc</name>
         <load_address>0x12f3e</load_address>
         <run_address>0x12f3e</run_address>
         <size>0xbc</size>
         <input_file_ref idref="fl-87"/>
      </object_component>
      <object_component id="oc-861">
         <name>.text:__TI_renormd</name>
         <load_address>0x12ffa</load_address>
         <run_address>0x12ffa</run_address>
         <size>0xb2</size>
         <input_file_ref idref="fl-71"/>
      </object_component>
      <object_component id="oc-4d2">
         <name>.text:_pproc_str</name>
         <load_address>0x130ac</load_address>
         <run_address>0x130ac</run_address>
         <size>0xa6</size>
         <input_file_ref idref="fl-4e"/>
      </object_component>
      <object_component id="oc-6a6">
         <name>.text:frexp</name>
         <load_address>0x13152</load_address>
         <run_address>0x13152</run_address>
         <size>0xa6</size>
         <input_file_ref idref="fl-5e"/>
      </object_component>
      <object_component id="oc-738">
         <name>.text:__mspabi_fltlid</name>
         <load_address>0x131f8</load_address>
         <run_address>0x131f8</run_address>
         <size>0x9e</size>
         <input_file_ref idref="fl-6c"/>
      </object_component>
      <object_component id="oc-704">
         <name>.text:HOSTlseek</name>
         <load_address>0x13296</load_address>
         <run_address>0x13296</run_address>
         <size>0x9a</size>
         <input_file_ref idref="fl-79"/>
      </object_component>
      <object_component id="oc-67f">
         <name>.text:_ecpy</name>
         <load_address>0x13330</load_address>
         <run_address>0x13330</run_address>
         <size>0x90</size>
         <input_file_ref idref="fl-4e"/>
      </object_component>
      <object_component id="oc-685">
         <name>.text:_mcpy</name>
         <load_address>0x133c0</load_address>
         <run_address>0x133c0</run_address>
         <size>0x90</size>
         <input_file_ref idref="fl-4e"/>
      </object_component>
      <object_component id="oc-4b9">
         <name>.text:fputc</name>
         <load_address>0x13450</load_address>
         <run_address>0x13450</run_address>
         <size>0x90</size>
         <input_file_ref idref="fl-52"/>
      </object_component>
      <object_component id="oc-627">
         <name>.text:free</name>
         <load_address>0x134e0</load_address>
         <run_address>0x134e0</run_address>
         <size>0x8e</size>
         <input_file_ref idref="fl-87"/>
      </object_component>
      <object_component id="oc-732">
         <name>.text:ltoa</name>
         <load_address>0x1356e</load_address>
         <run_address>0x1356e</run_address>
         <size>0x80</size>
         <input_file_ref idref="fl-54"/>
      </object_component>
      <object_component id="oc-526">
         <name>.text:__TI_wrt_ok</name>
         <load_address>0x135ee</load_address>
         <run_address>0x135ee</run_address>
         <size>0x7e</size>
         <input_file_ref idref="fl-73"/>
      </object_component>
      <object_component id="oc-5eb">
         <name>.text:_pconv_f</name>
         <load_address>0x1366c</load_address>
         <run_address>0x1366c</run_address>
         <size>0x78</size>
         <input_file_ref idref="fl-4e"/>
      </object_component>
      <object_component id="oc-6d">
         <name>.text:decompress:lzss:__TI_decompress_lzss</name>
         <load_address>0x136e4</load_address>
         <run_address>0x136e4</run_address>
         <size>0x76</size>
         <input_file_ref idref="fl-46"/>
      </object_component>
      <object_component id="oc-710">
         <name>.text:HOSTrename</name>
         <load_address>0x1375a</load_address>
         <run_address>0x1375a</run_address>
         <size>0x74</size>
         <input_file_ref idref="fl-7c"/>
      </object_component>
      <object_component id="oc-6e0">
         <name>.text:__TI_closefile</name>
         <load_address>0x137ce</load_address>
         <run_address>0x137ce</run_address>
         <size>0x74</size>
         <input_file_ref idref="fl-8c"/>
      </object_component>
      <object_component id="oc-6ec">
         <name>.text:HOSTopen</name>
         <load_address>0x13842</load_address>
         <run_address>0x13842</run_address>
         <size>0x70</size>
         <input_file_ref idref="fl-7a"/>
      </object_component>
      <object_component id="oc-6fe">
         <name>.text:HOSTwrite</name>
         <load_address>0x138b2</load_address>
         <run_address>0x138b2</run_address>
         <size>0x6c</size>
         <input_file_ref idref="fl-7e"/>
      </object_component>
      <object_component id="oc-6f8">
         <name>.text:HOSTread</name>
         <load_address>0x1391e</load_address>
         <run_address>0x1391e</run_address>
         <size>0x6a</size>
         <input_file_ref idref="fl-7b"/>
      </object_component>
      <object_component id="oc-5a8">
         <name>.text:fseek</name>
         <load_address>0x13988</load_address>
         <run_address>0x13988</run_address>
         <size>0x6a</size>
         <input_file_ref idref="fl-75"/>
      </object_component>
      <object_component id="oc-72c">
         <name>.text:__mspabi_fixdli</name>
         <load_address>0x139f2</load_address>
         <run_address>0x139f2</run_address>
         <size>0x66</size>
         <input_file_ref idref="fl-6a"/>
      </object_component>
      <object_component id="oc-532">
         <name>.text:__TI_doflush</name>
         <load_address>0x13a58</load_address>
         <run_address>0x13a58</run_address>
         <size>0x64</size>
         <input_file_ref idref="fl-74"/>
      </object_component>
      <object_component id="oc-544">
         <name>.text:atoi</name>
         <load_address>0x13abc</load_address>
         <run_address>0x13abc</run_address>
         <size>0x62</size>
         <input_file_ref idref="fl-4f"/>
      </object_component>
      <object_component id="oc-786">
         <name>.text:close</name>
         <load_address>0x13b1e</load_address>
         <run_address>0x13b1e</run_address>
         <size>0x5a</size>
         <input_file_ref idref="fl-92"/>
      </object_component>
      <object_component id="oc-800">
         <name>.text:getdevice</name>
         <load_address>0x13b78</load_address>
         <run_address>0x13b78</run_address>
         <size>0x5a</size>
         <input_file_ref idref="fl-8d"/>
      </object_component>
      <object_component id="oc-665">
         <name>.text</name>
         <load_address>0x13bd2</load_address>
         <run_address>0x13bd2</run_address>
         <size>0x58</size>
         <input_file_ref idref="fl-63"/>
      </object_component>
      <object_component id="oc-485">
         <name>.text:__TI_auto_init_nobinit_nopinit_hold_wdt:__TI_auto_init_nobinit_nopinit_hold_wdt</name>
         <load_address>0x13c2a</load_address>
         <run_address>0x13c2a</run_address>
         <size>0x54</size>
         <input_file_ref idref="fl-3f"/>
      </object_component>
      <object_component id="oc-6f2">
         <name>.text:HOSTclose</name>
         <load_address>0x13c7e</load_address>
         <run_address>0x13c7e</run_address>
         <size>0x4e</size>
         <input_file_ref idref="fl-78"/>
      </object_component>
      <object_component id="oc-692">
         <name>.text:_fcpy</name>
         <load_address>0x13ccc</load_address>
         <run_address>0x13ccc</run_address>
         <size>0x4e</size>
         <input_file_ref idref="fl-4e"/>
      </object_component>
      <object_component id="oc-467">
         <name>.text:exit</name>
         <load_address>0x13d1a</load_address>
         <run_address>0x13d1a</run_address>
         <size>0x4a</size>
         <input_file_ref idref="fl-47"/>
      </object_component>
      <object_component id="oc-3f9">
         <name>.text:printf</name>
         <load_address>0x13d64</load_address>
         <run_address>0x13d64</run_address>
         <size>0x4a</size>
         <input_file_ref idref="fl-4b"/>
      </object_component>
      <object_component id="oc-70a">
         <name>.text:HOSTunlink</name>
         <load_address>0x13dae</load_address>
         <run_address>0x13dae</run_address>
         <size>0x46</size>
         <input_file_ref idref="fl-7d"/>
      </object_component>
      <object_component id="oc-6d9">
         <name>.text:minit</name>
         <load_address>0x13df4</load_address>
         <run_address>0x13df4</run_address>
         <size>0x42</size>
         <input_file_ref idref="fl-87"/>
      </object_component>
      <object_component id="oc-7c3">
         <name>.text</name>
         <load_address>0x13e36</load_address>
         <run_address>0x13e36</run_address>
         <size>0x40</size>
         <input_file_ref idref="fl-62"/>
      </object_component>
      <object_component id="oc-7da">
         <name>.text:l_asr_const</name>
         <load_address>0x13e76</load_address>
         <run_address>0x13e76</run_address>
         <size>0x3e</size>
         <input_file_ref idref="fl-81"/>
      </object_component>
      <object_component id="oc-7ad">
         <name>.text:l_lsl_const</name>
         <load_address>0x13eb4</load_address>
         <run_address>0x13eb4</run_address>
         <size>0x3e</size>
         <input_file_ref idref="fl-82"/>
      </object_component>
      <object_component id="oc-7ca">
         <name>.text:l_lsr_const</name>
         <load_address>0x13ef2</load_address>
         <run_address>0x13ef2</run_address>
         <size>0x3e</size>
         <input_file_ref idref="fl-83"/>
      </object_component>
      <object_component id="oc-61f">
         <name>.text:lseek</name>
         <load_address>0x13f30</load_address>
         <run_address>0x13f30</run_address>
         <size>0x3e</size>
         <input_file_ref idref="fl-76"/>
      </object_component>
      <object_component id="oc-538">
         <name>.text:write</name>
         <load_address>0x13f6e</load_address>
         <run_address>0x13f6e</run_address>
         <size>0x3c</size>
         <input_file_ref idref="fl-5b"/>
      </object_component>
      <object_component id="oc-71a">
         <name>.text:__mspabi_sllll</name>
         <load_address>0x13faa</load_address>
         <run_address>0x13faa</run_address>
         <size>0x3a</size>
         <input_file_ref idref="fl-85"/>
      </object_component>
      <object_component id="oc-66f">
         <name>.text:__mspabi_srlll</name>
         <load_address>0x13fe4</load_address>
         <run_address>0x13fe4</run_address>
         <size>0x3a</size>
         <input_file_ref idref="fl-64"/>
      </object_component>
      <object_component id="oc-40e">
         <name>.text:main</name>
         <load_address>0x1401e</load_address>
         <run_address>0x1401e</run_address>
         <size>0x3a</size>
         <input_file_ref idref="fl-2"/>
      </object_component>
      <object_component id="oc-633">
         <name>.text:__TI_cleanup</name>
         <load_address>0x14058</load_address>
         <run_address>0x14058</run_address>
         <size>0x36</size>
         <input_file_ref idref="fl-88"/>
      </object_component>
      <object_component id="oc-79a">
         <name>.text:__TI_writemsg</name>
         <load_address>0x1408e</load_address>
         <run_address>0x1408e</run_address>
         <size>0x36</size>
         <input_file_ref idref="fl-7f"/>
      </object_component>
      <object_component id="oc-45a">
         <name>.text:configureUART1</name>
         <load_address>0x140c4</load_address>
         <run_address>0x140c4</run_address>
         <size>0x36</size>
         <input_file_ref idref="fl-2"/>
      </object_component>
      <object_component id="oc-7a0">
         <name>.text:__TI_readmsg</name>
         <load_address>0x140fa</load_address>
         <run_address>0x140fa</run_address>
         <size>0x32</size>
         <input_file_ref idref="fl-7f"/>
      </object_component>
      <object_component id="oc-73e">
         <name>.text:__mspabi_subd</name>
         <load_address>0x1412c</load_address>
         <run_address>0x1412c</run_address>
         <size>0x32</size>
         <input_file_ref idref="fl-72"/>
      </object_component>
      <object_component id="oc-83c">
         <name>.text:strncpy</name>
         <load_address>0x1415e</load_address>
         <run_address>0x1415e</run_address>
         <size>0x32</size>
         <input_file_ref idref="fl-90"/>
      </object_component>
      <object_component id="oc-78d">
         <name>.text:unlink</name>
         <load_address>0x14190</load_address>
         <run_address>0x14190</run_address>
         <size>0x30</size>
         <input_file_ref idref="fl-91"/>
      </object_component>
      <object_component id="oc-5df">
         <name>.text:__mspabi_negd</name>
         <load_address>0x141c0</load_address>
         <run_address>0x141c0</run_address>
         <size>0x2e</size>
         <input_file_ref idref="fl-70"/>
      </object_component>
      <object_component id="oc-7f3">
         <name>.text:copysign</name>
         <load_address>0x141ee</load_address>
         <run_address>0x141ee</run_address>
         <size>0x2e</size>
         <input_file_ref idref="fl-80"/>
      </object_component>
      <object_component id="oc-842">
         <name>.text:finddevice</name>
         <load_address>0x1421c</load_address>
         <run_address>0x1421c</run_address>
         <size>0x2e</size>
         <input_file_ref idref="fl-8d"/>
      </object_component>
      <object_component id="oc-744">
         <name>.text:__mspabi_fixdi</name>
         <load_address>0x1424a</load_address>
         <run_address>0x1424a</run_address>
         <size>0x28</size>
         <input_file_ref idref="fl-69"/>
      </object_component>
      <object_component id="oc-3a7">
         <name>.text:decompress:ZI:__TI_zero_init_nomemset:__TI_zero_init_nomemset</name>
         <load_address>0x14272</load_address>
         <run_address>0x14272</run_address>
         <size>0x24</size>
         <input_file_ref idref="fl-40"/>
      </object_component>
      <object_component id="oc-7df">
         <name>.text</name>
         <load_address>0x14296</load_address>
         <run_address>0x14296</run_address>
         <size>0x24</size>
         <input_file_ref idref="fl-3b"/>
      </object_component>
      <object_component id="oc-55e">
         <name>.text:memccpy</name>
         <load_address>0x142ba</load_address>
         <run_address>0x142ba</run_address>
         <size>0x1e</size>
         <input_file_ref idref="fl-55"/>
      </object_component>
      <object_component id="oc-772">
         <name>.text:strchr</name>
         <load_address>0x142d8</load_address>
         <run_address>0x142d8</run_address>
         <size>0x1c</size>
         <input_file_ref idref="fl-58"/>
      </object_component>
      <object_component id="oc-86d">
         <name>.text:strcmp</name>
         <load_address>0x142f4</load_address>
         <run_address>0x142f4</run_address>
         <size>0x1c</size>
         <input_file_ref idref="fl-8f"/>
      </object_component>
      <object_component id="oc-59c">
         <name>.text</name>
         <load_address>0x14310</load_address>
         <run_address>0x14310</run_address>
         <size>0x18</size>
         <input_file_ref idref="fl-39"/>
      </object_component>
      <object_component id="oc-52c">
         <name>.text:memchr</name>
         <load_address>0x14328</load_address>
         <run_address>0x14328</run_address>
         <size>0x16</size>
         <input_file_ref idref="fl-56"/>
      </object_component>
      <object_component id="oc-54a">
         <name>.text:memset</name>
         <load_address>0x1433e</load_address>
         <run_address>0x1433e</run_address>
         <size>0x16</size>
         <input_file_ref idref="fl-57"/>
      </object_component>
      <object_component id="oc-66a">
         <name>.text</name>
         <load_address>0x14354</load_address>
         <run_address>0x14354</run_address>
         <size>0x16</size>
         <input_file_ref idref="fl-61"/>
      </object_component>
      <object_component id="oc-566">
         <name>.text:wcslen</name>
         <load_address>0x1436a</load_address>
         <run_address>0x1436a</run_address>
         <size>0x16</size>
         <input_file_ref idref="fl-60"/>
      </object_component>
      <object_component id="oc-38f">
         <name>.text:memcpy</name>
         <load_address>0x14380</load_address>
         <run_address>0x14380</run_address>
         <size>0x14</size>
         <input_file_ref idref="fl-4a"/>
      </object_component>
      <object_component id="oc-73">
         <name>.text:decompress:none:__TI_decompress_none</name>
         <load_address>0x14394</load_address>
         <run_address>0x14394</run_address>
         <size>0x12</size>
         <input_file_ref idref="fl-45"/>
      </object_component>
      <object_component id="oc-7b6">
         <name>.text:strcpy</name>
         <load_address>0x143a6</load_address>
         <run_address>0x143a6</run_address>
         <size>0x12</size>
         <input_file_ref idref="fl-8a"/>
      </object_component>
      <object_component id="oc-5d9">
         <name>.text:toupper</name>
         <load_address>0x143b8</load_address>
         <run_address>0x143b8</run_address>
         <size>0x12</size>
         <input_file_ref idref="fl-5a"/>
      </object_component>
      <object_component id="oc-85c">
         <name>.text:l_asr</name>
         <load_address>0x143ca</load_address>
         <run_address>0x143ca</run_address>
         <size>0x10</size>
         <input_file_ref idref="fl-81"/>
      </object_component>
      <object_component id="oc-857">
         <name>.text:l_lsl</name>
         <load_address>0x143da</load_address>
         <run_address>0x143da</run_address>
         <size>0x10</size>
         <input_file_ref idref="fl-82"/>
      </object_component>
      <object_component id="oc-720">
         <name>.text:l_lsr</name>
         <load_address>0x143ea</load_address>
         <run_address>0x143ea</run_address>
         <size>0x10</size>
         <input_file_ref idref="fl-83"/>
      </object_component>
      <object_component id="oc-4c0">
         <name>.text:strlen</name>
         <load_address>0x143fa</load_address>
         <run_address>0x143fa</run_address>
         <size>0xe</size>
         <input_file_ref idref="fl-59"/>
      </object_component>
      <object_component id="oc-778">
         <name>.text:__mspabi_fltid</name>
         <load_address>0x14408</load_address>
         <run_address>0x14408</run_address>
         <size>0xc</size>
         <input_file_ref idref="fl-6b"/>
      </object_component>
      <object_component id="oc-74b">
         <name>.text:abs</name>
         <load_address>0x14414</load_address>
         <run_address>0x14414</run_address>
         <size>0xa</size>
         <input_file_ref idref="fl-5d"/>
      </object_component>
      <object_component id="oc-446">
         <name>.text:_outc</name>
         <load_address>0x1441e</load_address>
         <run_address>0x1441e</run_address>
         <size>0x6</size>
         <input_file_ref idref="fl-4b"/>
      </object_component>
      <object_component id="oc-461">
         <name>.text:abort</name>
         <load_address>0x14424</load_address>
         <run_address>0x14424</run_address>
         <size>0x6</size>
         <input_file_ref idref="fl-47"/>
      </object_component>
      <object_component id="oc-440">
         <name>.text:_outs</name>
         <load_address>0x1442a</load_address>
         <run_address>0x1442a</run_address>
         <size>0x4</size>
         <input_file_ref idref="fl-4b"/>
      </object_component>
      <object_component id="oc-408">
         <name>.text:_system_pre_init</name>
         <load_address>0x1442e</load_address>
         <run_address>0x1442e</run_address>
         <size>0x4</size>
         <input_file_ref idref="fl-43"/>
      </object_component>
      <object_component id="oc-4a5">
         <name>.text:_nop</name>
         <load_address>0x14432</load_address>
         <run_address>0x14432</run_address>
         <size>0x2</size>
         <input_file_ref idref="fl-48"/>
      </object_component>
      <object_component id="oc-500">
         <name>.text:_system_post_cinit</name>
         <load_address>0x14434</load_address>
         <run_address>0x14434</run_address>
         <size>0x2</size>
         <input_file_ref idref="fl-44"/>
      </object_component>
      <object_component id="oc-3a1">
         <name>.text:_isr:UART1</name>
         <load_address>0x4400</load_address>
         <run_address>0x4400</run_address>
         <size>0x48</size>
         <input_file_ref idref="fl-2"/>
      </object_component>
      <object_component id="oc-3b9">
         <name>.text:_isr:_c_int00_noargs</name>
         <load_address>0x4448</load_address>
         <run_address>0x4448</run_address>
         <size>0x1c</size>
         <input_file_ref idref="fl-3e"/>
      </object_component>
      <object_component id="oc-39c">
         <name>.text:_isr:__TI_ISR_TRAP</name>
         <load_address>0x4464</load_address>
         <run_address>0x4464</run_address>
         <size>0x8</size>
         <input_file_ref idref="fl-38"/>
      </object_component>
      <object_component id="oc-8f6">
         <name>.cinit..data.load</name>
         <load_address>0x45bc</load_address>
         <run_address>0x45bc</run_address>
         <size>0x59</size>
      </object_component>
      <object_component id="oc-8f3">
         <name>__TI_handler_table</name>
         <load_address>0x4616</load_address>
         <run_address>0x4616</run_address>
         <size>0xc</size>
      </object_component>
      <object_component id="oc-8f5">
         <name>.cinit..bss.load</name>
         <load_address>0x4622</load_address>
         <run_address>0x4622</run_address>
         <size>0x6</size>
      </object_component>
      <object_component id="oc-8f4">
         <name>__TI_cinit_table</name>
         <load_address>0x4628</load_address>
         <run_address>0x4628</run_address>
         <size>0x10</size>
      </object_component>
      <object_component id="oc-5c5">
         <name>.const:.string:_ctypes_</name>
         <load_address>0x446c</load_address>
         <run_address>0x446c</run_address>
         <size>0x101</size>
         <input_file_ref idref="fl-50"/>
      </object_component>
      <object_component id="oc-3f8">
         <name>.const:.string</name>
         <load_address>0x456e</load_address>
         <run_address>0x456e</run_address>
         <size>0x28</size>
         <input_file_ref idref="fl-2"/>
      </object_component>
      <object_component id="oc-551">
         <name>.const:.string</name>
         <load_address>0x4596</load_address>
         <run_address>0x4596</run_address>
         <size>0x26</size>
         <input_file_ref idref="fl-4e"/>
      </object_component>
      <object_component id="oc-80c">
         <name>.cio</name>
         <uninitialized>true</uninitialized>
         <run_address>0x26d4</run_address>
         <size>0x120</size>
         <input_file_ref idref="fl-7f"/>
      </object_component>
      <object_component id="oc-885">
         <name>.binit</name>
         <load_address>0x4400</load_address>
         <run_address>0x4400</run_address>
         <size>0x0</size>
      </object_component>
      <object_component id="oc-79">
         <name>.int41</name>
         <load_address>0xffd2</load_address>
         <run_address>0xffd2</run_address>
         <size>0x2</size>
         <input_file_ref idref="fl-23"/>
      </object_component>
      <object_component id="oc-7a">
         <name>.int42</name>
         <load_address>0xffd4</load_address>
         <run_address>0xffd4</run_address>
         <size>0x2</size>
         <input_file_ref idref="fl-24"/>
      </object_component>
      <object_component id="oc-7b">
         <name>.int43</name>
         <load_address>0xffd6</load_address>
         <run_address>0xffd6</run_address>
         <size>0x2</size>
         <input_file_ref idref="fl-25"/>
      </object_component>
      <object_component id="oc-7c">
         <name>.int44</name>
         <load_address>0xffd8</load_address>
         <run_address>0xffd8</run_address>
         <size>0x2</size>
         <input_file_ref idref="fl-26"/>
      </object_component>
      <object_component id="oc-7d">
         <name>.int45</name>
         <load_address>0xffda</load_address>
         <run_address>0xffda</run_address>
         <size>0x2</size>
         <input_file_ref idref="fl-27"/>
      </object_component>
      <object_component id="oc-7e">
         <name>.int46</name>
         <load_address>0xffdc</load_address>
         <run_address>0xffdc</run_address>
         <size>0x2</size>
         <input_file_ref idref="fl-2"/>
      </object_component>
      <object_component id="oc-7f">
         <name>.int47</name>
         <load_address>0xffde</load_address>
         <run_address>0xffde</run_address>
         <size>0x2</size>
         <input_file_ref idref="fl-28"/>
      </object_component>
      <object_component id="oc-80">
         <name>.int48</name>
         <load_address>0xffe0</load_address>
         <run_address>0xffe0</run_address>
         <size>0x2</size>
         <input_file_ref idref="fl-29"/>
      </object_component>
      <object_component id="oc-81">
         <name>.int49</name>
         <load_address>0xffe2</load_address>
         <run_address>0xffe2</run_address>
         <size>0x2</size>
         <input_file_ref idref="fl-2a"/>
      </object_component>
      <object_component id="oc-82">
         <name>.int50</name>
         <load_address>0xffe4</load_address>
         <run_address>0xffe4</run_address>
         <size>0x2</size>
         <input_file_ref idref="fl-2b"/>
      </object_component>
      <object_component id="oc-83">
         <name>.int51</name>
         <load_address>0xffe6</load_address>
         <run_address>0xffe6</run_address>
         <size>0x2</size>
         <input_file_ref idref="fl-2c"/>
      </object_component>
      <object_component id="oc-84">
         <name>.int52</name>
         <load_address>0xffe8</load_address>
         <run_address>0xffe8</run_address>
         <size>0x2</size>
         <input_file_ref idref="fl-2d"/>
      </object_component>
      <object_component id="oc-85">
         <name>.int53</name>
         <load_address>0xffea</load_address>
         <run_address>0xffea</run_address>
         <size>0x2</size>
         <input_file_ref idref="fl-2e"/>
      </object_component>
      <object_component id="oc-86">
         <name>.int54</name>
         <load_address>0xffec</load_address>
         <run_address>0xffec</run_address>
         <size>0x2</size>
         <input_file_ref idref="fl-2f"/>
      </object_component>
      <object_component id="oc-87">
         <name>.int55</name>
         <load_address>0xffee</load_address>
         <run_address>0xffee</run_address>
         <size>0x2</size>
         <input_file_ref idref="fl-30"/>
      </object_component>
      <object_component id="oc-88">
         <name>.int56</name>
         <load_address>0xfff0</load_address>
         <run_address>0xfff0</run_address>
         <size>0x2</size>
         <input_file_ref idref="fl-31"/>
      </object_component>
      <object_component id="oc-89">
         <name>.int57</name>
         <load_address>0xfff2</load_address>
         <run_address>0xfff2</run_address>
         <size>0x2</size>
         <input_file_ref idref="fl-32"/>
      </object_component>
      <object_component id="oc-8a">
         <name>.int58</name>
         <load_address>0xfff4</load_address>
         <run_address>0xfff4</run_address>
         <size>0x2</size>
         <input_file_ref idref="fl-33"/>
      </object_component>
      <object_component id="oc-8b">
         <name>.int59</name>
         <load_address>0xfff6</load_address>
         <run_address>0xfff6</run_address>
         <size>0x2</size>
         <input_file_ref idref="fl-34"/>
      </object_component>
      <object_component id="oc-8c">
         <name>.int60</name>
         <load_address>0xfff8</load_address>
         <run_address>0xfff8</run_address>
         <size>0x2</size>
         <input_file_ref idref="fl-35"/>
      </object_component>
      <object_component id="oc-8d">
         <name>.int61</name>
         <load_address>0xfffa</load_address>
         <run_address>0xfffa</run_address>
         <size>0x2</size>
         <input_file_ref idref="fl-36"/>
      </object_component>
      <object_component id="oc-8e">
         <name>.int62</name>
         <load_address>0xfffc</load_address>
         <run_address>0xfffc</run_address>
         <size>0x2</size>
         <input_file_ref idref="fl-37"/>
      </object_component>
      <object_component id="oc-380">
         <name>.reset</name>
         <load_address>0xfffe</load_address>
         <run_address>0xfffe</run_address>
         <size>0x2</size>
         <input_file_ref idref="fl-3e"/>
      </object_component>
      <object_component id="oc-614">
         <name>.debug_info</name>
         <load_address>0x0</load_address>
         <run_address>0x0</run_address>
         <size>0x32b</size>
         <input_file_ref idref="fl-2"/>
      </object_component>
      <object_component id="oc-45b">
         <name>.debug_info</name>
         <load_address>0x32b</load_address>
         <run_address>0x32b</run_address>
         <size>0x121</size>
         <input_file_ref idref="fl-2"/>
      </object_component>
      <object_component id="oc-410">
         <name>.debug_info</name>
         <load_address>0x44c</load_address>
         <run_address>0x44c</run_address>
         <size>0x14b</size>
         <input_file_ref idref="fl-2"/>
      </object_component>
      <object_component id="oc-3a2">
         <name>.debug_info</name>
         <load_address>0x597</load_address>
         <run_address>0x597</run_address>
         <size>0x13b</size>
         <input_file_ref idref="fl-2"/>
      </object_component>
      <object_component id="oc-6c9">
         <name>.debug_info</name>
         <load_address>0x6d2</load_address>
         <run_address>0x6d2</run_address>
         <size>0x26b</size>
         <input_file_ref idref="fl-2"/>
      </object_component>
      <object_component id="oc-38a">
         <name>.debug_info</name>
         <load_address>0x93d</load_address>
         <run_address>0x93d</run_address>
         <size>0x84</size>
         <input_file_ref idref="fl-2"/>
      </object_component>
      <object_component id="oc-581">
         <name>.debug_info</name>
         <load_address>0x9c1</load_address>
         <run_address>0x9c1</run_address>
         <size>0x275</size>
         <input_file_ref idref="fl-2"/>
      </object_component>
      <object_component id="oc-4e0">
         <name>.debug_info</name>
         <load_address>0xc36</load_address>
         <run_address>0xc36</run_address>
         <size>0x2c</size>
         <input_file_ref idref="fl-2"/>
      </object_component>
      <object_component id="oc-39e">
         <name>.debug_info</name>
         <load_address>0xc62</load_address>
         <run_address>0xc62</run_address>
         <size>0x107</size>
         <input_file_ref idref="fl-38"/>
      </object_component>
      <object_component id="oc-59d">
         <name>.debug_info</name>
         <load_address>0xd69</load_address>
         <run_address>0xd69</run_address>
         <size>0x128</size>
         <input_file_ref idref="fl-39"/>
      </object_component>
      <object_component id="oc-7e2">
         <name>.debug_info</name>
         <load_address>0xe91</load_address>
         <run_address>0xe91</run_address>
         <size>0x128</size>
         <input_file_ref idref="fl-3b"/>
      </object_component>
      <object_component id="oc-37e">
         <name>.debug_info</name>
         <load_address>0xfb9</load_address>
         <run_address>0xfb9</run_address>
         <size>0xf5</size>
         <input_file_ref idref="fl-3e"/>
      </object_component>
      <object_component id="oc-3bb">
         <name>.debug_info</name>
         <load_address>0x10ae</load_address>
         <run_address>0x10ae</run_address>
         <size>0x16f</size>
         <input_file_ref idref="fl-3e"/>
      </object_component>
      <object_component id="oc-507">
         <name>.debug_info</name>
         <load_address>0x121d</load_address>
         <run_address>0x121d</run_address>
         <size>0x490</size>
         <input_file_ref idref="fl-3f"/>
      </object_component>
      <object_component id="oc-487">
         <name>.debug_info</name>
         <load_address>0x16ad</load_address>
         <run_address>0x16ad</run_address>
         <size>0x225</size>
         <input_file_ref idref="fl-3f"/>
      </object_component>
      <object_component id="oc-592">
         <name>.debug_info</name>
         <load_address>0x18d2</load_address>
         <run_address>0x18d2</run_address>
         <size>0x39</size>
         <input_file_ref idref="fl-3f"/>
      </object_component>
      <object_component id="oc-5a3">
         <name>.debug_info</name>
         <load_address>0x190b</load_address>
         <run_address>0x190b</run_address>
         <size>0x2c</size>
         <input_file_ref idref="fl-3f"/>
      </object_component>
      <object_component id="oc-512">
         <name>.debug_info</name>
         <load_address>0x1937</load_address>
         <run_address>0x1937</run_address>
         <size>0x2c</size>
         <input_file_ref idref="fl-3f"/>
      </object_component>
      <object_component id="oc-597">
         <name>.debug_info</name>
         <load_address>0x1963</load_address>
         <run_address>0x1963</run_address>
         <size>0xcd</size>
         <input_file_ref idref="fl-3f"/>
      </object_component>
      <object_component id="oc-406">
         <name>.debug_info</name>
         <load_address>0x1a30</load_address>
         <run_address>0x1a30</run_address>
         <size>0x1be</size>
         <input_file_ref idref="fl-40"/>
      </object_component>
      <object_component id="oc-3aa">
         <name>.debug_info</name>
         <load_address>0x1bee</load_address>
         <run_address>0x1bee</run_address>
         <size>0x1cc</size>
         <input_file_ref idref="fl-40"/>
      </object_component>
      <object_component id="oc-401">
         <name>.debug_info</name>
         <load_address>0x1dba</load_address>
         <run_address>0x1dba</run_address>
         <size>0x46</size>
         <input_file_ref idref="fl-40"/>
      </object_component>
      <object_component id="oc-3f0">
         <name>.debug_info</name>
         <load_address>0x1e00</load_address>
         <run_address>0x1e00</run_address>
         <size>0x2c</size>
         <input_file_ref idref="fl-41"/>
      </object_component>
      <object_component id="oc-409">
         <name>.debug_info</name>
         <load_address>0x1e2c</load_address>
         <run_address>0x1e2c</run_address>
         <size>0x148</size>
         <input_file_ref idref="fl-43"/>
      </object_component>
      <object_component id="oc-502">
         <name>.debug_info</name>
         <load_address>0x1f74</load_address>
         <run_address>0x1f74</run_address>
         <size>0x145</size>
         <input_file_ref idref="fl-44"/>
      </object_component>
      <object_component id="oc-39b">
         <name>.debug_info</name>
         <load_address>0x20b9</load_address>
         <run_address>0x20b9</run_address>
         <size>0x184</size>
         <input_file_ref idref="fl-45"/>
      </object_component>
      <object_component id="oc-76">
         <name>.debug_info</name>
         <load_address>0x223d</load_address>
         <run_address>0x223d</run_address>
         <size>0x1c8</size>
         <input_file_ref idref="fl-45"/>
      </object_component>
      <object_component id="oc-396">
         <name>.debug_info</name>
         <load_address>0x2405</load_address>
         <run_address>0x2405</run_address>
         <size>0x46</size>
         <input_file_ref idref="fl-45"/>
      </object_component>
      <object_component id="oc-3ed">
         <name>.debug_info</name>
         <load_address>0x244b</load_address>
         <run_address>0x244b</run_address>
         <size>0x170</size>
         <input_file_ref idref="fl-46"/>
      </object_component>
      <object_component id="oc-6e">
         <name>.debug_info</name>
         <load_address>0x25bb</load_address>
         <run_address>0x25bb</run_address>
         <size>0x245</size>
         <input_file_ref idref="fl-46"/>
      </object_component>
      <object_component id="oc-385">
         <name>.debug_info</name>
         <load_address>0x2800</load_address>
         <run_address>0x2800</run_address>
         <size>0x60</size>
         <input_file_ref idref="fl-46"/>
      </object_component>
      <object_component id="oc-431">
         <name>.debug_info</name>
         <load_address>0x2860</load_address>
         <run_address>0x2860</run_address>
         <size>0x46</size>
         <input_file_ref idref="fl-46"/>
      </object_component>
      <object_component id="oc-3e8">
         <name>.debug_info</name>
         <load_address>0x28a6</load_address>
         <run_address>0x28a6</run_address>
         <size>0x39</size>
         <input_file_ref idref="fl-46"/>
      </object_component>
      <object_component id="oc-4ff">
         <name>.debug_info</name>
         <load_address>0x28df</load_address>
         <run_address>0x28df</run_address>
         <size>0x228</size>
         <input_file_ref idref="fl-47"/>
      </object_component>
      <object_component id="oc-4f6">
         <name>.debug_info</name>
         <load_address>0x2b07</load_address>
         <run_address>0x2b07</run_address>
         <size>0x127</size>
         <input_file_ref idref="fl-47"/>
      </object_component>
      <object_component id="oc-462">
         <name>.debug_info</name>
         <load_address>0x2c2e</load_address>
         <run_address>0x2c2e</run_address>
         <size>0x117</size>
         <input_file_ref idref="fl-47"/>
      </object_component>
      <object_component id="oc-469">
         <name>.debug_info</name>
         <load_address>0x2d45</load_address>
         <run_address>0x2d45</run_address>
         <size>0x18c</size>
         <input_file_ref idref="fl-47"/>
      </object_component>
      <object_component id="oc-4ad">
         <name>.debug_info</name>
         <load_address>0x2ed1</load_address>
         <run_address>0x2ed1</run_address>
         <size>0x15d</size>
         <input_file_ref idref="fl-48"/>
      </object_component>
      <object_component id="oc-43b">
         <name>.debug_info</name>
         <load_address>0x302e</load_address>
         <run_address>0x302e</run_address>
         <size>0xf4</size>
         <input_file_ref idref="fl-48"/>
      </object_component>
      <object_component id="oc-453">
         <name>.debug_info</name>
         <load_address>0x3122</load_address>
         <run_address>0x3122</run_address>
         <size>0xf8</size>
         <input_file_ref idref="fl-48"/>
      </object_component>
      <object_component id="oc-4a6">
         <name>.debug_info</name>
         <load_address>0x321a</load_address>
         <run_address>0x321a</run_address>
         <size>0x123</size>
         <input_file_ref idref="fl-48"/>
      </object_component>
      <object_component id="oc-3ef">
         <name>.debug_info</name>
         <load_address>0x333d</load_address>
         <run_address>0x333d</run_address>
         <size>0x18f</size>
         <input_file_ref idref="fl-4a"/>
      </object_component>
      <object_component id="oc-391">
         <name>.debug_info</name>
         <load_address>0x34cc</load_address>
         <run_address>0x34cc</run_address>
         <size>0x16f</size>
         <input_file_ref idref="fl-4a"/>
      </object_component>
      <object_component id="oc-456">
         <name>.debug_info</name>
         <load_address>0x363b</load_address>
         <run_address>0x363b</run_address>
         <size>0x2cb</size>
         <input_file_ref idref="fl-4b"/>
      </object_component>
      <object_component id="oc-447">
         <name>.debug_info</name>
         <load_address>0x3906</load_address>
         <run_address>0x3906</run_address>
         <size>0x157</size>
         <input_file_ref idref="fl-4b"/>
      </object_component>
      <object_component id="oc-442">
         <name>.debug_info</name>
         <load_address>0x3a5d</load_address>
         <run_address>0x3a5d</run_address>
         <size>0x15b</size>
         <input_file_ref idref="fl-4b"/>
      </object_component>
      <object_component id="oc-3fc">
         <name>.debug_info</name>
         <load_address>0x3bb8</load_address>
         <run_address>0x3bb8</run_address>
         <size>0x179</size>
         <input_file_ref idref="fl-4b"/>
      </object_component>
      <object_component id="oc-4ee">
         <name>.debug_info</name>
         <load_address>0x3d31</load_address>
         <run_address>0x3d31</run_address>
         <size>0xb2</size>
         <input_file_ref idref="fl-4b"/>
      </object_component>
      <object_component id="oc-58a">
         <name>.debug_info</name>
         <load_address>0x3de3</load_address>
         <run_address>0x3de3</run_address>
         <size>0xf8</size>
[...]
      </symbol>
      <symbol id="sm-6fd">
         <name>__TI_ft_end</name>
         <value>0x258c</value>
         <object_component_ref idref="oc-6e6"/>
      </symbol>
      <symbol id="sm-710">
         <name>putc</name>
         <value>0x13450</value>
         <object_component_ref idref="oc-4b9"/>
      </symbol>
      <symbol id="sm-711">
         <name>fputc</name>
         <value>0x13450</value>
         <object_component_ref idref="oc-4b9"/>
      </symbol>
      <symbol id="sm-729">
         <name>fputs</name>
         <value>0x12bd0</value>
         <object_component_ref idref="oc-4b2"/>
      </symbol>
      <symbol id="sm-738">
         <name>ltoa</name>
         <value>0x1356e</value>
         <object_component_ref idref="oc-732"/>
      </symbol>
      <symbol id="sm-747">
         <name>memccpy</name>
         <value>0x142ba</value>
         <object_component_ref idref="oc-55e"/>
      </symbol>
      <symbol id="sm-756">
         <name>memchr</name>
         <value>0x14328</value>
         <object_component_ref idref="oc-52c"/>
      </symbol>
      <symbol id="sm-764">
         <name>memset</name>
         <value>0x1433e</value>
         <object_component_ref idref="oc-54a"/>
      </symbol>
      <symbol id="sm-773">
         <name>strchr</name>
         <value>0x142d8</value>
         <object_component_ref idref="oc-772"/>
      </symbol>
      <symbol id="sm-780">
         <name>strlen</name>
         <value>0x143fa</value>
         <object_component_ref idref="oc-4c0"/>
      </symbol>
      <symbol id="sm-78d">
         <name>toupper</name>
         <value>0x143b8</value>
         <object_component_ref idref="oc-5d9"/>
      </symbol>
      <symbol id="sm-7af">
         <name>_stream</name>
         <value>0x2540</value>
         <object_component_ref idref="oc-5ba"/>
      </symbol>
      <symbol id="sm-7b0">
         <name>_device</name>
         <value>0x24c8</value>
         <object_component_ref idref="oc-646"/>
      </symbol>
      <symbol id="sm-7b1">
         <name>write</name>
         <value>0x13f6e</value>
         <object_component_ref idref="oc-538"/>
      </symbol>
      <symbol id="sm-7b8">
         <name>errno</name>
         <value>0x258e</value>
         <object_component_ref idref="oc-56c"/>
      </symbol>
      <symbol id="sm-7c2">
         <name>abs</name>
         <value>0x14414</value>
         <object_component_ref idref="oc-74b"/>
      </symbol>
      <symbol id="sm-7de">
         <name>frexpl</name>
         <value>0x13152</value>
         <object_component_ref idref="oc-6a6"/>
      </symbol>
      <symbol id="sm-7df">
         <name>frexp</name>
         <value>0x13152</value>
         <object_component_ref idref="oc-6a6"/>
      </symbol>
      <symbol id="sm-7f8">
         <name>scalbn</name>
         <value>0x12610</value>
         <object_component_ref idref="oc-76c"/>
      </symbol>
      <symbol id="sm-7f9">
         <name>scalbnl</name>
         <value>0x12610</value>
         <object_component_ref idref="oc-76c"/>
      </symbol>
      <symbol id="sm-7fa">
         <name>ldexpl</name>
         <value>0x12610</value>
         <object_component_ref idref="oc-76c"/>
      </symbol>
      <symbol id="sm-7fb">
         <name>ldexp</name>
         <value>0x12610</value>
         <object_component_ref idref="oc-76c"/>
      </symbol>
      <symbol id="sm-813">
         <name>wcslen</name>
         <value>0x1436a</value>
         <object_component_ref idref="oc-566"/>
      </symbol>
      <symbol id="sm-81d">
         <name>__mspabi_remu</name>
         <value>0x14354</value>
         <object_component_ref idref="oc-66a"/>
      </symbol>
      <symbol id="sm-81e">
         <name>__mspabi_divu</name>
         <value>0x14354</value>
         <object_component_ref idref="oc-66a"/>
      </symbol>
      <symbol id="sm-82a">
         <name>__mspabi_remli</name>
         <value>0x13e36</value>
         <object_component_ref idref="oc-7c3"/>
      </symbol>
      <symbol id="sm-82b">
         <name>__mspabi_divli</name>
         <value>0x13e36</value>
         <object_component_ref idref="oc-7c3"/>
      </symbol>
      <symbol id="sm-839">
         <name>__mspabi_remul</name>
         <value>0x13bd2</value>
         <object_component_ref idref="oc-665"/>
      </symbol>
      <symbol id="sm-83a">
         <name>__mspabi_divul</name>
         <value>0x13bd2</value>
         <object_component_ref idref="oc-665"/>
      </symbol>
      <symbol id="sm-847">
         <name>__mspabi_srlll</name>
         <value>0x13fe4</value>
         <object_component_ref idref="oc-66f"/>
      </symbol>
      <symbol id="sm-87a">
         <name>__mspabi_divull</name>
         <value>0x10466</value>
         <object_component_ref idref="oc-65f"/>
      </symbol>
      <symbol id="sm-8a1">
         <name>__mspabi_addd</name>
         <value>0x107b4</value>
         <object_component_ref idref="oc-7d1"/>
      </symbol>
      <symbol id="sm-8bb">
         <name>__mspabi_cmpd</name>
         <value>0x12d9e</value>
         <object_component_ref idref="oc-5fd"/>
      </symbol>
      <symbol id="sm-8dc">
         <name>__mspabi_divd</name>
         <value>0x11906</value>
         <object_component_ref idref="oc-69f"/>
      </symbol>
      <symbol id="sm-8e9">
         <name>__mspabi_fixdi</name>
         <value>0x1424a</value>
         <object_component_ref idref="oc-744"/>
      </symbol>
      <symbol id="sm-8f8">
         <name>__mspabi_fixdli</name>
         <value>0x139f2</value>
         <object_component_ref idref="oc-72c"/>
      </symbol>
      <symbol id="sm-901">
         <name>__mspabi_fltid</name>
         <value>0x14408</value>
         <object_component_ref idref="oc-778"/>
      </symbol>
      <symbol id="sm-919">
         <name>__mspabi_fltlid</name>
         <value>0x131f8</value>
         <object_component_ref idref="oc-738"/>
      </symbol>
      <symbol id="sm-93a">
         <name>__TI_frcaddd</name>
         <value>0x1149a</value>
         <object_component_ref idref="oc-827"/>
      </symbol>
      <symbol id="sm-955">
         <name>__TI_frcdivd</name>
         <value>0x10000</value>
         <object_component_ref idref="oc-75d"/>
      </symbol>
      <symbol id="sm-976">
         <name>__mspabi_mpyd</name>
         <value>0x11234</value>
         <object_component_ref idref="oc-699"/>
      </symbol>
      <symbol id="sm-97f">
         <name>__mspabi_negd</name>
         <value>0x141c0</value>
         <object_component_ref idref="oc-5df"/>
      </symbol>
      <symbol id="sm-993">
         <name>__TI_renormd</name>
         <value>0x12ffa</value>
         <object_component_ref idref="oc-861"/>
      </symbol>
      <symbol id="sm-99c">
         <name>__mspabi_subd</name>
         <value>0x1412c</value>
         <object_component_ref idref="oc-73e"/>
      </symbol>
      <symbol id="sm-9b4">
         <name>__TI_wrt_ok</name>
         <value>0x135ee</value>
         <object_component_ref idref="oc-526"/>
      </symbol>
      <symbol id="sm-9c5">
         <name>__TI_doflush</name>
         <value>0x13a58</value>
         <object_component_ref idref="oc-532"/>
      </symbol>
      <symbol id="sm-9d5">
         <name>fseek</name>
         <value>0x13988</value>
         <object_component_ref idref="oc-5a8"/>
      </symbol>
      <symbol id="sm-9e3">
         <name>lseek</name>
         <value>0x13f30</value>
         <object_component_ref idref="oc-61f"/>
      </symbol>
      <symbol id="sm-9fb">
         <name>setvbuf</name>
         <value>0x12cc0</value>
         <object_component_ref idref="oc-5ae"/>
      </symbol>
      <symbol id="sm-a07">
         <name>HOSTclose</name>
         <value>0x13c7e</value>
         <object_component_ref idref="oc-6f2"/>
      </symbol>
      <symbol id="sm-a13">
         <name>HOSTlseek</name>
         <value>0x13296</value>
         <object_component_ref idref="oc-704"/>
      </symbol>
      <symbol id="sm-a21">
         <name>parmbuf</name>
         <value>0x289e</value>
      </symbol>
      <symbol id="sm-a22">
         <name>HOSTopen</name>
         <value>0x13842</value>
         <object_component_ref idref="oc-6ec"/>
      </symbol>
      <symbol id="sm-a2f">
         <name>HOSTread</name>
         <value>0x1391e</value>
         <object_component_ref idref="oc-6f8"/>
      </symbol>
      <symbol id="sm-a3b">
         <name>HOSTrename</name>
         <value>0x1375a</value>
         <object_component_ref idref="oc-710"/>
      </symbol>
      <symbol id="sm-a47">
         <name>HOSTunlink</name>
         <value>0x13dae</value>
         <object_component_ref idref="oc-70a"/>
      </symbol>
      <symbol id="sm-a54">
         <name>HOSTwrite</name>
         <value>0x138b2</value>
         <object_component_ref idref="oc-6fe"/>
      </symbol>
      <symbol id="sm-a72">
         <name>__TI_readmsg</name>
         <value>0x140fa</value>
         <object_component_ref idref="oc-7a0"/>
      </symbol>
      <symbol id="sm-a73">
         <name>C$$IO$$</name>
         <value>0x140c0</value>
         <object_component_ref idref="oc-79a"/>
      </symbol>
      <symbol id="sm-a74">
         <name>_CIOBUF_</name>
         <value>0x26d4</value>
         <object_component_ref idref="oc-80c"/>
      </symbol>
      <symbol id="sm-a75">
         <name>__TI_writemsg</name>
         <value>0x1408e</value>
         <object_component_ref idref="oc-79a"/>
      </symbol>
      <symbol id="sm-a7e">
         <name>copysign</name>
         <value>0x141ee</value>
         <object_component_ref idref="oc-7f3"/>
      </symbol>
      <symbol id="sm-a7f">
         <name>copysignl</name>
         <value>0x141ee</value>
         <object_component_ref idref="oc-7f3"/>
      </symbol>
      <symbol id="sm-a8f">
         <name>__mspabi_sral</name>
         <value>0x143ca</value>
         <object_component_ref idref="oc-85c"/>
      </symbol>
      <symbol id="sm-a90">
         <name>__mspabi_sral_15</name>
         <value>0x13e76</value>
         <object_component_ref idref="oc-7da"/>
      </symbol>
      <symbol id="sm-a91">
         <name>__mspabi_sral_14</name>
         <value>0x13e7a</value>
         <object_component_ref idref="oc-7da"/>
      </symbol>
      <symbol id="sm-a92">
         <name>__mspabi_sral_13</name>
         <value>0x13e7e</value>
         <object_component_ref idref="oc-7da"/>
      </symbol>
      <symbol id="sm-a93">
         <name>__mspabi_sral_12</name>
         <value>0x13e82</value>
         <object_component_ref idref="oc-7da"/>
      </symbol>
      <symbol id="sm-a94">
         <name>__mspabi_sral_11</name>
         <value>0x13e86</value>
         <object_component_ref idref="oc-7da"/>
      </symbol>
      <symbol id="sm-a95">
         <name>__mspabi_sral_10</name>
         <value>0x13e8a</value>
         <object_component_ref idref="oc-7da"/>
      </symbol>
      <symbol id="sm-a96">
         <name>__mspabi_sral_8</name>
         <value>0x13e92</value>
         <object_component_ref idref="oc-7da"/>
      </symbol>
      <symbol id="sm-a97">
         <name>__mspabi_sral_9</name>
         <value>0x13e8e</value>
         <object_component_ref idref="oc-7da"/>
      </symbol>
      <symbol id="sm-a98">
         <name>__mspabi_sral_6</name>
         <value>0x13e9a</value>
         <object_component_ref idref="oc-7da"/>
      </symbol>
      <symbol id="sm-a99">
         <name>__mspabi_sral_7</name>
         <value>0x13e96</value>
         <object_component_ref idref="oc-7da"/>
      </symbol>
      <symbol id="sm-a9a">
         <name>__mspabi_sral_4</name>
         <value>0x13ea2</value>
         <object_component_ref idref="oc-7da"/>
      </symbol>
      <symbol id="sm-a9b">
         <name>__mspabi_sral_5</name>
         <value>0x13e9e</value>
         <object_component_ref idref="oc-7da"/>
      </symbol>
      <symbol id="sm-a9c">
         <name>__mspabi_sral_2</name>
         <value>0x13eaa</value>
         <object_component_ref idref="oc-7da"/>
      </symbol>
      <symbol id="sm-a9d">
         <name>__mspabi_sral_3</name>
         <value>0x13ea6</value>
         <object_component_ref idref="oc-7da"/>
      </symbol>
      <symbol id="sm-a9e">
         <name>__mspabi_sral_1</name>
         <value>0x13eae</value>
         <object_component_ref idref="oc-7da"/>
      </symbol>
      <symbol id="sm-aae">
         <name>__mspabi_slll_9</name>
         <value>0x13ecc</value>
         <object_component_ref idref="oc-7ad"/>
      </symbol>
      <symbol id="sm-aaf">
         <name>__mspabi_slll_8</name>
         <value>0x13ed0</value>
         <object_component_ref idref="oc-7ad"/>
      </symbol>
      <symbol id="sm-ab0">
         <name>__mspabi_slll_7</name>
         <value>0x13ed4</value>
         <object_component_ref idref="oc-7ad"/>
      </symbol>
      <symbol id="sm-ab1">
         <name>__mspabi_slll_6</name>
         <value>0x13ed8</value>
         <object_component_ref idref="oc-7ad"/>
      </symbol>
      <symbol id="sm-ab2">
         <name>__mspabi_slll_5</name>
         <value>0x13edc</value>
         <object_component_ref idref="oc-7ad"/>
      </symbol>
      <symbol id="sm-ab3">
         <name>__mspabi_slll_4</name>
         <value>0x13ee0</value>
         <object_component_ref idref="oc-7ad"/>
      </symbol>
      <symbol id="sm-ab4">
         <name>__mspabi_slll_3</name>
         <value>0x13ee4</value>
         <object_component_ref idref="oc-7ad"/>
      </symbol>
      <symbol id="sm-ab5">
         <name>__mspabi_slll_2</name>
         <value>0x13ee8</value>
         <object_component_ref idref="oc-7ad"/>
      </symbol>
      <symbol id="sm-ab6">
         <name>__mspabi_slll_1</name>
         <value>0x13eec</value>
         <object_component_ref idref="oc-7ad"/>
      </symbol>
      <symbol id="sm-ab7">
         <name>__mspabi_slll</name>
         <value>0x143da</value>
         <object_component_ref idref="oc-857"/>
      </symbol>
      <symbol id="sm-ab8">
         <name>__mspabi_slll_15</name>
         <value>0x13eb4</value>
         <object_component_ref idref="oc-7ad"/>
      </symbol>
      <symbol id="sm-ab9">
         <name>__mspabi_slll_14</name>
         <value>0x13eb8</value>
         <object_component_ref idref="oc-7ad"/>
      </symbol>
      <symbol id="sm-aba">
         <name>__mspabi_slll_13</name>
         <value>0x13ebc</value>
         <object_component_ref idref="oc-7ad"/>
      </symbol>
      <symbol id="sm-abb">
         <name>__mspabi_slll_12</name>
         <value>0x13ec0</value>
         <object_component_ref idref="oc-7ad"/>
      </symbol>
      <symbol id="sm-abc">
         <name>__mspabi_slll_11</name>
         <value>0x13ec4</value>
         <object_component_ref idref="oc-7ad"/>
      </symbol>
      <symbol id="sm-abd">
         <name>__mspabi_slll_10</name>
         <value>0x13ec8</value>
         <object_component_ref idref="oc-7ad"/>
      </symbol>
      <symbol id="sm-acd">
         <name>__mspabi_srll_8</name>
         <value>0x13f0e</value>
         <object_component_ref idref="oc-7ca"/>
      </symbol>
      <symbol id="sm-ace">
         <name>__mspabi_srll_9</name>
         <value>0x13f0a</value>
         <object_component_ref idref="oc-7ca"/>
      </symbol>
      <symbol id="sm-acf">
         <name>__mspabi_srll_6</name>
         <value>0x13f16</value>
         <object_component_ref idref="oc-7ca"/>
      </symbol>
      <symbol id="sm-ad0">
         <name>__mspabi_srll_7</name>
         <value>0x13f12</value>
         <object_component_ref idref="oc-7ca"/>
      </symbol>
      <symbol id="sm-ad1">
         <name>__mspabi_srll_4</name>
         <value>0x13f1e</value>
         <object_component_ref idref="oc-7ca"/>
      </symbol>
      <symbol id="sm-ad2">
         <name>__mspabi_srll_5</name>
         <value>0x13f1a</value>
         <object_component_ref idref="oc-7ca"/>
      </symbol>
      <symbol id="sm-ad3">
         <name>__mspabi_srll_2</name>
         <value>0x13f26</value>
         <object_component_ref idref="oc-7ca"/>
      </symbol>
      <symbol id="sm-ad4">
         <name>__mspabi_srll_3</name>
         <value>0x13f22</value>
         <object_component_ref idref="oc-7ca"/>
      </symbol>
      <symbol id="sm-ad5">
         <name>__mspabi_srll_1</name>
         <value>0x13f2a</value>
         <object_component_ref idref="oc-7ca"/>
      </symbol>
      <symbol id="sm-ad6">
         <name>__mspabi_srll_15</name>
         <value>0x13ef2</value>
         <object_component_ref idref="oc-7ca"/>
      </symbol>
      <symbol id="sm-ad7">
         <name>__mspabi_srll_14</name>
         <value>0x13ef6</value>
         <object_component_ref idref="oc-7ca"/>
      </symbol>
      <symbol id="sm-ad8">
         <name>__mspabi_srll_13</name>
         <value>0x13efa</value>
         <object_component_ref idref="oc-7ca"/>
      </symbol>
      <symbol id="sm-ad9">
         <name>__mspabi_srll_12</name>
         <value>0x13efe</value>
         <object_component_ref idref="oc-7ca"/>
      </symbol>
      <symbol id="sm-ada">
         <name>__mspabi_srll_11</name>
         <value>0x13f02</value>
         <object_component_ref idref="oc-7ca"/>
      </symbol>
      <symbol id="sm-adb">
         <name>__mspabi_srll_10</name>
         <value>0x13f06</value>
         <object_component_ref idref="oc-7ca"/>
      </symbol>
      <symbol id="sm-adc">
         <name>__mspabi_srll</name>
         <value>0x143ea</value>
         <object_component_ref idref="oc-720"/>
      </symbol>
      <symbol id="sm-aea">
         <name>__mspabi_sllll</name>
         <value>0x13faa</value>
         <object_component_ref idref="oc-71a"/>
      </symbol>
      <symbol id="sm-afa">
         <name>__TI_frcmpyd</name>
         <value>0x10d3a</value>
         <object_component_ref idref="oc-755"/>
      </symbol>
      <symbol id="sm-b49">
         <name>_sys_memory</name>
         <value>0x2594</value>
         <object_component_ref idref="oc-381"/>
      </symbol>
      <symbol id="sm-b4a">
         <name>free</name>
         <value>0x134e0</value>
         <object_component_ref idref="oc-627"/>
      </symbol>
      <symbol id="sm-b4b">
         <name>malloc</name>
         <value>0x12f3e</value>
         <object_component_ref idref="oc-62d"/>
      </symbol>
      <symbol id="sm-b4c">
         <name>minit</name>
         <value>0x13df4</value>
         <object_component_ref idref="oc-6d9"/>
      </symbol>
      <symbol id="sm-b58">
         <name>__TI_cleanup</name>
         <value>0x14058</value>
         <object_component_ref idref="oc-633"/>
      </symbol>
      <symbol id="sm-b66">
         <name>strcpy</name>
         <value>0x143a6</value>
         <object_component_ref idref="oc-7b6"/>
      </symbol>
      <symbol id="sm-b78">
         <name>__TI_closefile</name>
         <value>0x137ce</value>
         <object_component_ref idref="oc-6e0"/>
      </symbol>
      <symbol id="sm-b97">
         <name>finddevice</name>
         <value>0x1421c</value>
         <object_component_ref idref="oc-842"/>
      </symbol>
      <symbol id="sm-b98">
         <name>getdevice</name>
         <value>0x13b78</value>
         <object_component_ref idref="oc-800"/>
      </symbol>
      <symbol id="sm-ba7">
         <name>strcmp</name>
         <value>0x142f4</value>
         <object_component_ref idref="oc-86d"/>
      </symbol>
      <symbol id="sm-bb7">
         <name>strncpy</name>
         <value>0x1415e</value>
         <object_component_ref idref="oc-83c"/>
      </symbol>
      <symbol id="sm-bc3">
         <name>unlink</name>
         <value>0x14190</value>
         <object_component_ref idref="oc-78d"/>
      </symbol>
      <symbol id="sm-bd5">
         <name>close</name>
         <value>0x13b1e</value>
         <object_component_ref idref="oc-786"/>
      </symbol>
      <symbol id="sm-bd7">
         <name>remove</name>
         <value>0x14190</value>
      </symbol>
   </symbol_table>
   <title>Link successful</title>
</link_info>
